Archive member included because of file (symbol)

z:/vmware/winxp-atolic/program_files/truestudio for stmicroelectronics stm32 lite 2.2.0/armtools/bin/../lib/gcc/arm-atollic-eabi/4.5.1/../../../../arm-atollic-eabi/lib/thumb/cortex-m4\libc.a(lib_a-init.o)
                              src\startup_stm32f4xx.o (__libc_init_array)
z:/vmware/winxp-atolic/program_files/truestudio for stmicroelectronics stm32 lite 2.2.0/armtools/bin/../lib/gcc/arm-atollic-eabi/4.5.1/../../../../arm-atollic-eabi/lib/thumb/cortex-m4\libc.a(lib_a-memcpy.o)
                              src\FreeRTOS\tasks.o (memcpy)
z:/vmware/winxp-atolic/program_files/truestudio for stmicroelectronics stm32 lite 2.2.0/armtools/bin/../lib/gcc/arm-atollic-eabi/4.5.1/../../../../arm-atollic-eabi/lib/thumb/cortex-m4\libc.a(lib_a-memset.o)
                              src\FreeRTOS\tasks.o (memset)
z:/vmware/winxp-atolic/program_files/truestudio for stmicroelectronics stm32 lite 2.2.0/armtools/bin/../lib/gcc/arm-atollic-eabi/4.5.1/../../../../arm-atollic-eabi/lib/thumb/cortex-m4\libc.a(lib_a-sprintf.o)
                              src\FreeRTOS\tasks.o (sprintf)
z:/vmware/winxp-atolic/program_files/truestudio for stmicroelectronics stm32 lite 2.2.0/armtools/bin/../lib/gcc/arm-atollic-eabi/4.5.1/../../../../arm-atollic-eabi/lib/thumb/cortex-m4\libc.a(lib_a-strcat.o)
                              src\FreeRTOS\tasks.o (strcat)
z:/vmware/winxp-atolic/program_files/truestudio for stmicroelectronics stm32 lite 2.2.0/armtools/bin/../lib/gcc/arm-atollic-eabi/4.5.1/../../../../arm-atollic-eabi/lib/thumb/cortex-m4\libc.a(lib_a-strlen.o)
                              src\FreeRTOS\tasks.o (strlen)
z:/vmware/winxp-atolic/program_files/truestudio for stmicroelectronics stm32 lite 2.2.0/armtools/bin/../lib/gcc/arm-atollic-eabi/4.5.1/../../../../arm-atollic-eabi/lib/thumb/cortex-m4\libc.a(lib_a-strncpy.o)
                              src\FreeRTOS\tasks.o (strncpy)
z:/vmware/winxp-atolic/program_files/truestudio for stmicroelectronics stm32 lite 2.2.0/armtools/bin/../lib/gcc/arm-atollic-eabi/4.5.1/../../../../arm-atollic-eabi/lib/thumb/cortex-m4\libc.a(lib_a-svfprintf.o)
                              z:/vmware/winxp-atolic/program_files/truestudio for stmicroelectronics stm32 lite 2.2.0/armtools/bin/../lib/gcc/arm-atollic-eabi/4.5.1/../../../../arm-atollic-eabi/lib/thumb/cortex-m4\libc.a(lib_a-sprintf.o) (_svfprintf_r)
z:/vmware/winxp-atolic/program_files/truestudio for stmicroelectronics stm32 lite 2.2.0/armtools/bin/../lib/gcc/arm-atollic-eabi/4.5.1/../../../../arm-atollic-eabi/lib/thumb/cortex-m4\libc.a(lib_a-dtoa.o)
                              z:/vmware/winxp-atolic/program_files/truestudio for stmicroelectronics stm32 lite 2.2.0/armtools/bin/../lib/gcc/arm-atollic-eabi/4.5.1/../../../../arm-atollic-eabi/lib/thumb/cortex-m4\libc.a(lib_a-svfprintf.o) (_dtoa_r)
z:/vmware/winxp-atolic/program_files/truestudio for stmicroelectronics stm32 lite 2.2.0/armtools/bin/../lib/gcc/arm-atollic-eabi/4.5.1/../../../../arm-atollic-eabi/lib/thumb/cortex-m4\libc.a(lib_a-impure.o)
                              z:/vmware/winxp-atolic/program_files/truestudio for stmicroelectronics stm32 lite 2.2.0/armtools/bin/../lib/gcc/arm-atollic-eabi/4.5.1/../../../../arm-atollic-eabi/lib/thumb/cortex-m4\libc.a(lib_a-sprintf.o) (_impure_ptr)
z:/vmware/winxp-atolic/program_files/truestudio for stmicroelectronics stm32 lite 2.2.0/armtools/bin/../lib/gcc/arm-atollic-eabi/4.5.1/../../../../arm-atollic-eabi/lib/thumb/cortex-m4\libc.a(lib_a-locale.o)
                              z:/vmware/winxp-atolic/program_files/truestudio for stmicroelectronics stm32 lite 2.2.0/armtools/bin/../lib/gcc/arm-atollic-eabi/4.5.1/../../../../arm-atollic-eabi/lib/thumb/cortex-m4\libc.a(lib_a-svfprintf.o) (_localeconv_r)
z:/vmware/winxp-atolic/program_files/truestudio for stmicroelectronics stm32 lite 2.2.0/armtools/bin/../lib/gcc/arm-atollic-eabi/4.5.1/../../../../arm-atollic-eabi/lib/thumb/cortex-m4\libc.a(lib_a-malloc.o)
                              z:/vmware/winxp-atolic/program_files/truestudio for stmicroelectronics stm32 lite 2.2.0/armtools/bin/../lib/gcc/arm-atollic-eabi/4.5.1/../../../../arm-atollic-eabi/lib/thumb/cortex-m4\libc.a(lib_a-dtoa.o) (malloc)
z:/vmware/winxp-atolic/program_files/truestudio for stmicroelectronics stm32 lite 2.2.0/armtools/bin/../lib/gcc/arm-atollic-eabi/4.5.1/../../../../arm-atollic-eabi/lib/thumb/cortex-m4\libc.a(lib_a-mallocr.o)
                              z:/vmware/winxp-atolic/program_files/truestudio for stmicroelectronics stm32 lite 2.2.0/armtools/bin/../lib/gcc/arm-atollic-eabi/4.5.1/../../../../arm-atollic-eabi/lib/thumb/cortex-m4\libc.a(lib_a-svfprintf.o) (_malloc_r)
z:/vmware/winxp-atolic/program_files/truestudio for stmicroelectronics stm32 lite 2.2.0/armtools/bin/../lib/gcc/arm-atollic-eabi/4.5.1/../../../../arm-atollic-eabi/lib/thumb/cortex-m4\libc.a(lib_a-memchr.o)
[...]
Memory Configuration

Name             Origin             Length             Attributes
FLASH            0x08000000         0x00100000         xr
RAM              0x20000000         0x00020000         xrw
MEMORY_B1        0x60000000         0x00000000         xr
*default*        0x00000000         0xffffffff

Linker script and memory map

LOAD z:/vmware/winxp-atolic/program_files/truestudio for stmicroelectronics stm32 lite 2.2.0/armtools/bin/../lib/gcc/arm-atollic-eabi/4.5.1/thumb/cortex-m4/crti.o
LOAD z:/vmware/winxp-atolic/program_files/truestudio for stmicroelectronics stm32 lite 2.2.0/armtools/bin/../lib/gcc/arm-atollic-eabi/4.5.1/thumb/cortex-m4/crtbegin.o
LOAD src\utils.o
LOAD src\system_stm32f4xx.o
LOAD src\stm32f4xx_it.o
LOAD src\stm32f4_discovery_lis302dl.o
LOAD src\startup_stm32f4xx.o
LOAD src\mems.o
LOAD src\main.o
LOAD src\debug.o
LOAD src\FreeRTOS\timers.o
LOAD src\FreeRTOS\tasks.o
LOAD src\FreeRTOS\queue.o
LOAD src\FreeRTOS\portable\MemMang\heap_1.o
LOAD src\FreeRTOS\portable\GCC\ARM_CM4F\port.o
LOAD src\FreeRTOS\list.o
LOAD src\FreeRTOS\croutine.o
LOAD Libraries\STM32F4xx_StdPeriph_Driver\src\stm32f4xx_wwdg.o
LOAD Libraries\STM32F4xx_StdPeriph_Driver\src\stm32f4xx_usart.o
LOAD Libraries\STM32F4xx_StdPeriph_Driver\src\stm32f4xx_tim.o
LOAD Libraries\STM32F4xx_StdPeriph_Driver\src\stm32f4xx_syscfg.o
LOAD Libraries\STM32F4xx_StdPeriph_Driver\src\stm32f4xx_spi.o
LOAD Libraries\STM32F4xx_StdPeriph_Driver\src\stm32f4xx_sdio.o
LOAD Libraries\STM32F4xx_StdPeriph_Driver\src\stm32f4xx_rtc.o
LOAD Libraries\STM32F4xx_StdPeriph_Driver\src\stm32f4xx_rng.o
LOAD Libraries\STM32F4xx_StdPeriph_Driver\src\stm32f4xx_rcc.o
LOAD Libraries\STM32F4xx_StdPeriph_Driver\src\stm32f4xx_pwr.o
LOAD Libraries\STM32F4xx_StdPeriph_Driver\src\stm32f4xx_iwdg.o
LOAD Libraries\STM32F4xx_StdPeriph_Driver\src\stm32f4xx_i2c.o
LOAD Libraries\STM32F4xx_StdPeriph_Driver\src\stm32f4xx_hash_sha1.o
LOAD Libraries\STM32F4xx_StdPeriph_Driver\src\stm32f4xx_hash_md5.o
LOAD Libraries\STM32F4xx_StdPeriph_Driver\src\stm32f4xx_hash.o
LOAD Libraries\STM32F4xx_StdPeriph_Driver\src\stm32f4xx_gpio.o
LOAD Libraries\STM32F4xx_StdPeriph_Driver\src\stm32f4xx_fsmc.o
LOAD Libraries\STM32F4xx_StdPeriph_Driver\src\stm32f4xx_flash.o
LOAD Libraries\STM32F4xx_StdPeriph_Driver\src\stm32f4xx_exti.o
LOAD Libraries\STM32F4xx_StdPeriph_Driver\src\stm32f4xx_dma.o
LOAD Libraries\STM32F4xx_StdPeriph_Driver\src\stm32f4xx_dcmi.o
LOAD Libraries\STM32F4xx_StdPeriph_Driver\src\stm32f4xx_dbgmcu.o
LOAD Libraries\STM32F4xx_StdPeriph_Driver\src\stm32f4xx_dac.o
LOAD Libraries\STM32F4xx_StdPeriph_Driver\src\stm32f4xx_cryp_tdes.o
LOAD Libraries\STM32F4xx_StdPeriph_Driver\src\stm32f4xx_cryp_des.o
LOAD Libraries\STM32F4xx_StdPeriph_Driver\src\stm32f4xx_cryp_aes.o
LOAD Libraries\STM32F4xx_StdPeriph_Driver\src\stm32f4xx_cryp.o
LOAD Libraries\STM32F4xx_StdPeriph_Driver\src\stm32f4xx_crc.o
LOAD Libraries\STM32F4xx_StdPeriph_Driver\src\stm32f4xx_can.o
LOAD Libraries\STM32F4xx_StdPeriph_Driver\src\stm32f4xx_adc.o
LOAD Libraries\STM32F4xx_StdPeriph_Driver\src\stm32f4_discovery.o
LOAD Libraries\STM32F4xx_StdPeriph_Driver\src\misc.o
LOAD z:/vmware/winxp-atolic/program_files/truestudio for stmicroelectronics stm32 lite 2.2.0/armtools/bin/../lib/gcc/arm-atollic-eabi/4.5.1/../../../../arm-atollic-eabi/lib/thumb/cortex-m4\libm.a
                0x00001000                malloc_getpagesize_P = 0x1000
START GROUP
LOAD z:/vmware/winxp-atolic/program_files/truestudio for stmicroelectronics stm32 lite 2.2.0/armtools/bin/../lib/gcc/arm-atollic-eabi/4.5.1/thumb/cortex-m4\libgcc.a
LOAD z:/vmware/winxp-atolic/program_files/truestudio for stmicroelectronics stm32 lite 2.2.0/armtools/bin/../lib/gcc/arm-atollic-eabi/4.5.1/../../../../arm-atollic-eabi/lib/thumb/cortex-m4\libc.a
END GROUP
LOAD z:/vmware/winxp-atolic/program_files/truestudio for stmicroelectronics stm32 lite 2.2.0/armtools/bin/../lib/gcc/arm-atollic-eabi/4.5.1/thumb/cortex-m4/crtend.o
LOAD z:/vmware/winxp-atolic/program_files/truestudio for stmicroelectronics stm32 lite 2.2.0/armtools/bin/../lib/gcc/arm-atollic-eabi/4.5.1/thumb/cortex-m4/crtn.o
                0x20020000                _estack = 0x20020000
                0x00000000                _Min_Heap_Size = 0x0
                0x00000400                _Min_Stack_Size = 0x400

.isr_vector     0x08000000      0x188
                0x08000000                . = ALIGN (0x4)
 *(.isr_vector)
 .isr_vector    0x08000000      0x188 src\startup_stm32f4xx.o
                0x08000000                g_pfnVectors
                0x08000188                . = ALIGN (0x4)

.text           0x08000188     0x5644
                0x08000188                . = ALIGN (0x4)
 *(.text)
 .text          0x08000188       0x30 z:/vmware/winxp-atolic/program_files/truestudio for stmicroelectronics stm32 lite 2.2.0/armtools/bin/../lib/gcc/arm-atollic-eabi/4.5.1/thumb/cortex-m4/crtbegin.o
 *(.text*)
 .text.NVIC_SetPriority
                0x080001b8       0x5c src\utils.o
 .text.SysTick_Config
                0x08000214       0x64 src\utils.o
 .text.ptopwm   0x08000278       0x30 src\utils.o
                0x08000278                ptopwm
 .text.HwInit   0x080002a8      0x310 src\utils.o
                0x080002a8                HwInit
 .text.TIM3_Config
                0x080005b8       0xd4 src\utils.o
                0x080005b8                TIM3_Config
 .text.TIM4_Config
                0x0800068c       0xac src\utils.o
                0x0800068c                TIM4_Config
 .text.TIM_SetDuty
                0x08000738       0x5c src\utils.o
                0x08000738                TIM_SetDuty
 .text.vUSART2_Init
                0x08000794       0xf4 src\utils.o
                0x08000794                vUSART2_Init
 .text.SystemInit
                0x08000888       0x94 src\system_stm32f4xx.o
                0x08000888                SystemInit
 .text.SystemCoreClockUpdate
                0x0800091c      0x178 src\system_stm32f4xx.o
                0x0800091c                SystemCoreClockUpdate
 .text.SetSysClock
                0x08000a94      0x188 src\system_stm32f4xx.o
 .text.USART2_IRQHandler
                0x08000c1c       0x30 src\stm32f4xx_it.o
                0x08000c1c                USART2_IRQHandler
 .text.NMI_Handler
                0x08000c4c        0xc src\stm32f4xx_it.o
                0x08000c4c                NMI_Handler
 .text.HardFault_Handler
                0x08000c58        0x8 src\stm32f4xx_it.o
                0x08000c58                HardFault_Handler
 .text.MemManage_Handler
                0x08000c60        0x8 src\stm32f4xx_it.o
                0x08000c60                MemManage_Handler
 .text.BusFault_Handler
                0x08000c68        0x8 src\stm32f4xx_it.o
                0x08000c68                BusFault_Handler
 .text.UsageFault_Handler
                0x08000c70        0x8 src\stm32f4xx_it.o
                0x08000c70                UsageFault_Handler
 .text.DebugMon_Handler
                0x08000c78        0xc src\stm32f4xx_it.o
                0x08000c78                DebugMon_Handler
 .text.LIS302DL_Init
                0x08000c84       0x5c src\stm32f4_discovery_lis302dl.o
                0x08000c84                LIS302DL_Init
 .text.LIS302DL_InterruptConfig
                0x08000ce0       0x54 src\stm32f4_discovery_lis302dl.o
                0x08000ce0                LIS302DL_InterruptConfig
 .text.LIS302DL_Write
                0x08000d34       0x70 src\stm32f4_discovery_lis302dl.o
                0x08000d34                LIS302DL_Write
 .text.LIS302DL_Read
                0x08000da4       0x80 src\stm32f4_discovery_lis302dl.o
                0x08000da4                LIS302DL_Read
 .text.LIS302DL_LowLevel_Init
                0x08000e24      0x1cc src\stm32f4_discovery_lis302dl.o
 .text.LIS302DL_SendByte
                0x08000ff0       0xe4 src\stm32f4_discovery_lis302dl.o
 .text.Reset_Handler
                0x080010d4       0x58 src\startup_stm32f4xx.o
                0x080010d4                Reset_Handler
 .text.Default_Handler
                0x0800112c        0x2 src\startup_stm32f4xx.o
                0x0800112c                RTC_Alarm_IRQHandler
                0x0800112c                HASH_RNG_IRQHandler
                0x0800112c                EXTI2_IRQHandler
                0x0800112c                TIM8_CC_IRQHandler
                0x0800112c                TIM1_CC_IRQHandler
                0x0800112c                DMA2_Stream5_IRQHandler
                0x0800112c                DMA1_Stream5_IRQHandler
                0x0800112c                PVD_IRQHandler
                0x0800112c                SDIO_IRQHandler
                0x0800112c                TAMP_STAMP_IRQHandler
                0x0800112c                CAN2_RX1_IRQHandler
                0x0800112c                EXTI3_IRQHandler
                0x0800112c                TIM8_TRG_COM_TIM14_IRQHandler
                0x0800112c                TIM1_UP_TIM10_IRQHandler
                0x0800112c                TIM8_UP_TIM13_IRQHandler
                0x0800112c                I2C3_ER_IRQHandler
                0x0800112c                EXTI0_IRQHandler
                0x0800112c                I2C2_EV_IRQHandler
                0x0800112c                DMA1_Stream2_IRQHandler
                0x0800112c                CAN1_RX0_IRQHandler
                0x0800112c                FPU_IRQHandler
                0x0800112c                OTG_HS_WKUP_IRQHandler
                0x0800112c                CAN2_SCE_IRQHandler
                0x0800112c                DMA2_Stream2_IRQHandler
                0x0800112c                SPI1_IRQHandler
                0x0800112c                TIM6_DAC_IRQHandler
                0x0800112c                TIM1_BRK_TIM9_IRQHandler
                0x0800112c                DCMI_IRQHandler
                0x0800112c                CAN2_RX0_IRQHandler
                0x0800112c                DMA2_Stream3_IRQHandler
                0x0800112c                USART6_IRQHandler
                0x0800112c                USART3_IRQHandler
                0x0800112c                CRYP_IRQHandler
                0x0800112c                CAN1_RX1_IRQHandler
                0x0800112c                UART5_IRQHandler
                0x0800112c                DMA2_Stream0_IRQHandler
                0x0800112c                TIM4_IRQHandler
                0x0800112c                I2C1_EV_IRQHandler
                0x0800112c                DMA1_Stream6_IRQHandler
                0x0800112c                DMA1_Stream1_IRQHandler
                0x0800112c                UART4_IRQHandler
                0x0800112c                TIM3_IRQHandler
                0x0800112c                RCC_IRQHandler
                0x0800112c                TIM8_BRK_TIM12_IRQHandler
                0x0800112c                Default_Handler
                0x0800112c                EXTI15_10_IRQHandler
                0x0800112c                ADC_IRQHandler
                0x0800112c                DMA1_Stream7_IRQHandler
                0x0800112c                TIM7_IRQHandler
                0x0800112c                CAN2_TX_IRQHandler
                0x0800112c                TIM5_IRQHandler
                0x0800112c                DMA2_Stream7_IRQHandler
                0x0800112c                I2C3_EV_IRQHandler
                0x0800112c                EXTI9_5_IRQHandler
                0x0800112c                RTC_WKUP_IRQHandler
                0x0800112c                ETH_WKUP_IRQHandler
                0x0800112c                SPI2_IRQHandler
                0x0800112c                OTG_HS_EP1_IN_IRQHandler
                0x0800112c                DMA1_Stream0_IRQHandler
                0x0800112c                CAN1_TX_IRQHandler
                0x0800112c                EXTI4_IRQHandler
                0x0800112c                FSMC_IRQHandler
                0x0800112c                ETH_IRQHandler
                0x0800112c                OTG_HS_EP1_OUT_IRQHandler
                0x0800112c                WWDG_IRQHandler
                0x0800112c                TIM2_IRQHandler
                0x0800112c                OTG_FS_WKUP_IRQHandler
                0x0800112c                TIM1_TRG_COM_TIM11_IRQHandler
                0x0800112c                OTG_HS_IRQHandler
                0x0800112c                EXTI1_IRQHandler
                0x0800112c                I2C2_ER_IRQHandler
                0x0800112c                DMA2_Stream1_IRQHandler
                0x0800112c                CAN1_SCE_IRQHandler
                0x0800112c                FLASH_IRQHandler
                0x0800112c                DMA2_Stream4_IRQHandler
                0x0800112c                USART1_IRQHandler
                0x0800112c                OTG_FS_IRQHandler
                0x0800112c                SPI3_IRQHandler
                0x0800112c                DMA1_Stream4_IRQHandler
                0x0800112c                I2C1_ER_IRQHandler
                0x0800112c                DMA2_Stream6_IRQHandler
                0x0800112c                DMA1_Stream3_IRQHandler
 *fill*         0x0800112e        0x2 00
 .text.vMemsTask
                0x08001130      0x40c src\mems.o
                0x08001130                vMemsTask
 .text.vSetMemsDump
                0x0800153c       0x20 src\mems.o
                0x0800153c                vSetMemsDump
 .text.LIS302DL_TIMEOUT_UserCallback
                0x0800155c       0x10 src\mems.o
                0x0800155c                LIS302DL_TIMEOUT_UserCallback
 .text.main     0x0800156c       0xd4 src\main.o
                0x0800156c                main
 .text.vTimeTask
                0x08001640       0x68 src\main.o
                0x08001640                vTimeTask
 .text.vApplicationTickHook
                0x080016a8       0x30 src\main.o
                0x080016a8                vApplicationTickHook
 .text.vApplicationIdleHook
                0x080016d8       0x30 src\main.o
                0x080016d8                vApplicationIdleHook
 .text.vApplicationMallocFailedHook
                0x08001708       0x10 src\main.o
                0x08001708                vApplicationMallocFailedHook
 .text.vDebugInitQueue
                0x08001718       0x24 src\debug.o
                0x08001718                vDebugInitQueue
 .text.vDebugTask
                0x0800173c      0x1e8 src\debug.o
                0x0800173c                vDebugTask
 .text.vDebugString
                0x08001924       0x54 src\debug.o
                0x08001924                vDebugString
 .text.vDebugPrintResetType
                0x08001978      0x140 src\debug.o
                0x08001978                vDebugPrintResetType
 .text.vDebugPrintf
                0x08001ab8      0x298 src\debug.o
                0x08001ab8                vDebugPrintf
 .text.vNum2String
                0x08001d50       0xbc src\debug.o
                0x08001d50                vNum2String
 .text.xTimerCreateTimerTask
                0x08001e0c       0x74 src\FreeRTOS\timers.o
                0x08001e0c                xTimerCreateTimerTask
 .text.xTimerGenericCommand
                0x08001e80       0xac src\FreeRTOS\timers.o
                0x08001e80                xTimerGenericCommand
 .text.prvProcessExpiredTimer
                0x08001f2c       0x80 src\FreeRTOS\timers.o
 .text.prvTimerTask
                0x08001fac       0x24 src\FreeRTOS\timers.o
 .text.prvProcessTimerOrBlockTask
                0x08001fd0       0x74 src\FreeRTOS\timers.o
 .text.prvGetNextExpireTime
                0x08002044       0x50 src\FreeRTOS\timers.o
 .text.prvSampleTimeNow
                0x08002094       0x58 src\FreeRTOS\timers.o
 .text.prvInsertTimerInActiveList
                0x080020ec       0x94 src\FreeRTOS\timers.o
 .text.prvProcessReceivedCommands
                0x08002180      0x11c src\FreeRTOS\timers.o
 .text.prvSwitchTimerLists
                0x0800229c       0xec src\FreeRTOS\timers.o
 .text.prvCheckForValidListAndQueue
                0x08002388       0x74 src\FreeRTOS\timers.o
 .text.xTaskGenericCreate
                0x080023fc      0x1f0 src\FreeRTOS\tasks.o
                0x080023fc                xTaskGenericCreate
 .text.vTaskDelayUntil
                0x080025ec       0xd0 src\FreeRTOS\tasks.o
                0x080025ec                vTaskDelayUntil
 .text.vTaskDelay
                0x080026bc       0x5c src\FreeRTOS\tasks.o
                0x080026bc                vTaskDelay
 .text.vTaskStartScheduler
                0x08002718       0x90 src\FreeRTOS\tasks.o
                0x08002718                vTaskStartScheduler
 .text.vTaskSuspendAll
                0x080027a8       0x24 src\FreeRTOS\tasks.o
                0x080027a8                vTaskSuspendAll
 .text.xTaskResumeAll
                0x080027cc      0x16c src\FreeRTOS\tasks.o
                0x080027cc                xTaskResumeAll
 .text.xTaskGetTickCount
                0x08002938       0x28 src\FreeRTOS\tasks.o
                0x08002938                xTaskGetTickCount
 .text.vTaskIncrementTick
                0x08002960      0x1e8 src\FreeRTOS\tasks.o
                0x08002960                vTaskIncrementTick
 .text.vTaskSwitchContext
                0x08002b48       0xe8 src\FreeRTOS\tasks.o
                0x08002b48                vTaskSwitchContext
 .text.vTaskPlaceOnEventList
                0x08002c30       0x88 src\FreeRTOS\tasks.o
                0x08002c30                vTaskPlaceOnEventList
 .text.vTaskPlaceOnEventListRestricted
                0x08002cb8       0x64 src\FreeRTOS\tasks.o
                0x08002cb8                vTaskPlaceOnEventListRestricted
 .text.xTaskRemoveFromEventList
                0x08002d1c       0xd4 src\FreeRTOS\tasks.o
                0x08002d1c                xTaskRemoveFromEventList
 .text.vTaskSetTimeOutState
                0x08002df0       0x40 src\FreeRTOS\tasks.o
                0x08002df0                vTaskSetTimeOutState
 .text.xTaskCheckForTimeOut
                0x08002e30       0xc4 src\FreeRTOS\tasks.o
                0x08002e30                xTaskCheckForTimeOut
 .text.vTaskMissedYield
                0x08002ef4       0x18 src\FreeRTOS\tasks.o
                0x08002ef4                vTaskMissedYield
 .text.prvIdleTask
                0x08002f0c       0x24 src\FreeRTOS\tasks.o
 .text.prvInitialiseTCBVariables
                0x08002f30       0x7c src\FreeRTOS\tasks.o
 .text.prvInitialiseTaskLists
                0x08002fac       0xa4 src\FreeRTOS\tasks.o
 .text.prvCheckTasksWaitingTermination
                0x08003050       0x98 src\FreeRTOS\tasks.o
 .text.prvAddCurrentTaskToDelayedList
                0x080030e8       0x8c src\FreeRTOS\tasks.o
 .text.prvAllocateTCBAndStack
                0x08003174       0x74 src\FreeRTOS\tasks.o
 .text.prvDeleteTCB
                0x080031e8       0x20 src\FreeRTOS\tasks.o
 .text.xTaskGetCurrentTaskHandle
                0x08003208       0x20 src\FreeRTOS\tasks.o
                0x08003208                xTaskGetCurrentTaskHandle
 .text.xTaskGetSchedulerState
                0x08003228       0x48 src\FreeRTOS\tasks.o
                0x08003228                xTaskGetSchedulerState
 .text.vTaskPriorityInherit
                0x08003270       0xe8 src\FreeRTOS\tasks.o
                0x08003270                vTaskPriorityInherit
 .text.vTaskPriorityDisinherit
                0x08003358       0x90 src\FreeRTOS\tasks.o
                0x08003358                vTaskPriorityDisinherit
 .text.xQueueGenericCreate
                0x080033e8       0xec src\FreeRTOS\queue.o
                0x080033e8                xQueueGenericCreate
 .text.xQueueGenericSend
                0x080034d4      0x158 src\FreeRTOS\queue.o
                0x080034d4                xQueueGenericSend
 .text.xQueueGenericSendFromISR
                0x0800362c       0xd8 src\FreeRTOS\queue.o
                0x0800362c                xQueueGenericSendFromISR
 .text.xQueueGenericReceive
                0x08003704      0x1bc src\FreeRTOS\queue.o
                0x08003704                xQueueGenericReceive
 .text.prvCopyDataToQueue
                0x080038c0       0xc4 src\FreeRTOS\queue.o
 .text.prvCopyDataFromQueue
                0x08003984       0x50 src\FreeRTOS\queue.o
 .text.prvUnlockQueue
                0x080039d4       0xa0 src\FreeRTOS\queue.o
 .text.prvIsQueueEmpty
                0x08003a74       0x2c src\FreeRTOS\queue.o
 .text.prvIsQueueFull
                0x08003aa0       0x30 src\FreeRTOS\queue.o
 .text.vQueueWaitForMessageRestricted
                0x08003ad0       0x5c src\FreeRTOS\queue.o
                0x08003ad0                vQueueWaitForMessageRestricted
 .text.pvPortMalloc
                0x08003b2c       0xa4 src\FreeRTOS\portable\MemMang\heap_1.o
                0x08003b2c                pvPortMalloc
 .text.vPortFree
                0x08003bd0       0x14 src\FreeRTOS\portable\MemMang\heap_1.o
                0x08003bd0                vPortFree
 .text.pxPortInitialiseStack
                0x08003be4       0x68 src\FreeRTOS\portable\GCC\ARM_CM4F\port.o
                0x08003be4                pxPortInitialiseStack
 .text.SVC_Handler
                0x08003c4c       0x20 src\FreeRTOS\portable\GCC\ARM_CM4F\port.o
                0x08003c4c                SVC_Handler
 .text.vPortStartFirstTask
                0x08003c6c       0x14 src\FreeRTOS\portable\GCC\ARM_CM4F\port.o
                0x08003c6c                vPortStartFirstTask
 .text.xPortStartScheduler
                0x08003c80       0x54 src\FreeRTOS\portable\GCC\ARM_CM4F\port.o
                0x08003c80                xPortStartScheduler
 .text.vPortYieldFromISR
                0x08003cd4       0x18 src\FreeRTOS\portable\GCC\ARM_CM4F\port.o
                0x08003cd4                vPortYieldFromISR
 .text.vPortEnterCritical
                0x08003cec       0x2c src\FreeRTOS\portable\GCC\ARM_CM4F\port.o
                0x08003cec                vPortEnterCritical
 .text.vPortExitCritical
                0x08003d18       0x38 src\FreeRTOS\portable\GCC\ARM_CM4F\port.o
                0x08003d18                vPortExitCritical
 .text.PendSV_Handler
                0x08003d50       0x58 src\FreeRTOS\portable\GCC\ARM_CM4F\port.o
                0x08003d50                PendSV_Handler
 .text.SysTick_Handler
                0x08003da8       0x38 src\FreeRTOS\portable\GCC\ARM_CM4F\port.o
                0x08003da8                SysTick_Handler
 .text.prvSetupTimerInterrupt
                0x08003de0       0x40 src\FreeRTOS\portable\GCC\ARM_CM4F\port.o
 .text.vListInitialise
                0x08003e20       0x48 src\FreeRTOS\list.o
                0x08003e20                vListInitialise
 .text.vListInitialiseItem
                0x08003e68       0x1c src\FreeRTOS\list.o
                0x08003e68                vListInitialiseItem
 .text.vListInsertEnd
                0x08003e84       0x54 src\FreeRTOS\list.o
                0x08003e84                vListInsertEnd
 .text.vListInsert
                0x08003ed8       0x78 src\FreeRTOS\list.o
                0x08003ed8                vListInsert
 .text.vListRemove
                0x08003f50       0x54 src\FreeRTOS\list.o
                0x08003f50                vListRemove
 .text.USART_Init
                0x08003fa4      0x1bc Libraries\STM32F4xx_StdPeriph_Driver\src\stm32f4xx_usart.o
                0x08003fa4                USART_Init
 .text.USART_StructInit
                0x08004160       0x44 Libraries\STM32F4xx_StdPeriph_Driver\src\stm32f4xx_usart.o
                0x08004160                USART_StructInit
 .text.USART_ClockInit
                0x080041a4       0x5c Libraries\STM32F4xx_StdPeriph_Driver\src\stm32f4xx_usart.o
                0x080041a4                USART_ClockInit
 .text.USART_ClockStructInit
                0x08004200       0x34 Libraries\STM32F4xx_StdPeriph_Driver\src\stm32f4xx_usart.o
                0x08004200                USART_ClockStructInit
 .text.USART_Cmd
                0x08004234       0x40 Libraries\STM32F4xx_StdPeriph_Driver\src\stm32f4xx_usart.o
                0x08004234                USART_Cmd
 .text.USART_SendData
                0x08004274       0x28 Libraries\STM32F4xx_StdPeriph_Driver\src\stm32f4xx_usart.o
                0x08004274                USART_SendData
 .text.USART_ReceiveData
                0x0800429c       0x24 Libraries\STM32F4xx_StdPeriph_Driver\src\stm32f4xx_usart.o
                0x0800429c                USART_ReceiveData
 .text.USART_ITConfig
                0x080042c0       0xa8 Libraries\STM32F4xx_StdPeriph_Driver\src\stm32f4xx_usart.o
                0x080042c0                USART_ITConfig
 .text.USART_GetFlagStatus
                0x08004368       0x40 Libraries\STM32F4xx_StdPeriph_Driver\src\stm32f4xx_usart.o
                0x08004368                USART_GetFlagStatus
 .text.USART_ClearFlag
                0x080043a8       0x24 Libraries\STM32F4xx_StdPeriph_Driver\src\stm32f4xx_usart.o
                0x080043a8                USART_ClearFlag
 .text.TIM_TimeBaseInit
                0x080043cc       0xf8 Libraries\STM32F4xx_StdPeriph_Driver\src\stm32f4xx_tim.o
                0x080043cc                TIM_TimeBaseInit
 .text.TIM_ARRPreloadConfig
                0x080044c4       0x40 Libraries\STM32F4xx_StdPeriph_Driver\src\stm32f4xx_tim.o
                0x080044c4                TIM_ARRPreloadConfig
 .text.TIM_Cmd  0x08004504       0x40 Libraries\STM32F4xx_StdPeriph_Driver\src\stm32f4xx_tim.o
                0x08004504                TIM_Cmd
 .text.TIM_OC1Init
                0x08004544      0x10c Libraries\STM32F4xx_StdPeriph_Driver\src\stm32f4xx_tim.o
                0x08004544                TIM_OC1Init
 .text.TIM_OC2Init
                0x08004650      0x134 Libraries\STM32F4xx_StdPeriph_Driver\src\stm32f4xx_tim.o
                0x08004650                TIM_OC2Init
 .text.TIM_OC3Init
                0x08004784      0x130 Libraries\STM32F4xx_StdPeriph_Driver\src\stm32f4xx_tim.o
                0x08004784                TIM_OC3Init
 .text.TIM_OC4Init
                0x080048b4       0xe8 Libraries\STM32F4xx_StdPeriph_Driver\src\stm32f4xx_tim.o
                0x080048b4                TIM_OC4Init
 .text.TIM_OC1PreloadConfig
                0x0800499c       0x3c Libraries\STM32F4xx_StdPeriph_Driver\src\stm32f4xx_tim.o
                0x0800499c                TIM_OC1PreloadConfig
 .text.TIM_OC2PreloadConfig
                0x080049d8       0x40 Libraries\STM32F4xx_StdPeriph_Driver\src\stm32f4xx_tim.o
                0x080049d8                TIM_OC2PreloadConfig
 .text.TIM_OC3PreloadConfig
                0x08004a18       0x3c Libraries\STM32F4xx_StdPeriph_Driver\src\stm32f4xx_tim.o
                0x08004a18                TIM_OC3PreloadConfig
 .text.TIM_OC4PreloadConfig
                0x08004a54       0x40 Libraries\STM32F4xx_StdPeriph_Driver\src\stm32f4xx_tim.o
                0x08004a54                TIM_OC4PreloadConfig
 .text.SPI_I2S_DeInit
                0x08004a94       0x88 Libraries\STM32F4xx_StdPeriph_Driver\src\stm32f4xx_spi.o
                0x08004a94                SPI_I2S_DeInit
 .text.SPI_Init
                0x08004b1c       0x98 Libraries\STM32F4xx_StdPeriph_Driver\src\stm32f4xx_spi.o
                0x08004b1c                SPI_Init
 .text.SPI_Cmd  0x08004bb4       0x40 Libraries\STM32F4xx_StdPeriph_Driver\src\stm32f4xx_spi.o
                0x08004bb4                SPI_Cmd
 .text.SPI_I2S_ReceiveData
                0x08004bf4       0x1c Libraries\STM32F4xx_StdPeriph_Driver\src\stm32f4xx_spi.o
                0x08004bf4                SPI_I2S_ReceiveData
 .text.SPI_I2S_SendData
                0x08004c10       0x1c Libraries\STM32F4xx_StdPeriph_Driver\src\stm32f4xx_spi.o
                0x08004c10                SPI_I2S_SendData
 .text.SPI_I2S_GetFlagStatus
                0x08004c2c       0x40 Libraries\STM32F4xx_StdPeriph_Driver\src\stm32f4xx_spi.o
                0x08004c2c                SPI_I2S_GetFlagStatus
 .text.RCC_GetClocksFreq
                0x08004c6c      0x1d4 Libraries\STM32F4xx_StdPeriph_Driver\src\stm32f4xx_rcc.o
                0x08004c6c                RCC_GetClocksFreq
 .text.RCC_AHB1PeriphClockCmd
                0x08004e40       0x5c Libraries\STM32F4xx_StdPeriph_Driver\src\stm32f4xx_rcc.o
                0x08004e40                RCC_AHB1PeriphClockCmd
 .text.RCC_APB1PeriphClockCmd
                0x08004e9c       0x5c Libraries\STM32F4xx_StdPeriph_Driver\src\stm32f4xx_rcc.o
                0x08004e9c                RCC_APB1PeriphClockCmd
 .text.RCC_APB2PeriphClockCmd
                0x08004ef8       0x5c Libraries\STM32F4xx_StdPeriph_Driver\src\stm32f4xx_rcc.o
                0x08004ef8                RCC_APB2PeriphClockCmd
 .text.RCC_APB1PeriphResetCmd
                0x08004f54       0x5c Libraries\STM32F4xx_StdPeriph_Driver\src\stm32f4xx_rcc.o
                0x08004f54                RCC_APB1PeriphResetCmd
 .text.RCC_APB2PeriphResetCmd
                0x08004fb0       0x5c Libraries\STM32F4xx_StdPeriph_Driver\src\stm32f4xx_rcc.o
                0x08004fb0                RCC_APB2PeriphResetCmd
 .text.RCC_GetFlagStatus
                0x0800500c       0x90 Libraries\STM32F4xx_StdPeriph_Driver\src\stm32f4xx_rcc.o
                0x0800500c                RCC_GetFlagStatus
 .text.PWR_GetFlagStatus
                0x0800509c       0x40 Libraries\STM32F4xx_StdPeriph_Driver\src\stm32f4xx_pwr.o
                0x0800509c                PWR_GetFlagStatus
 .text.GPIO_Init
                0x080050dc      0x158 Libraries\STM32F4xx_StdPeriph_Driver\src\stm32f4xx_gpio.o
                0x080050dc                GPIO_Init
 .text.GPIO_SetBits
                0x08005234       0x1c Libraries\STM32F4xx_StdPeriph_Driver\src\stm32f4xx_gpio.o
                0x08005234                GPIO_SetBits
 .text.GPIO_ResetBits
                0x08005250       0x1c Libraries\STM32F4xx_StdPeriph_Driver\src\stm32f4xx_gpio.o
                0x08005250                GPIO_ResetBits
 .text.GPIO_PinAFConfig
                0x0800526c       0xb0 Libraries\STM32F4xx_StdPeriph_Driver\src\stm32f4xx_gpio.o
                0x0800526c                GPIO_PinAFConfig
 .text.STM_EVAL_LEDInit
                0x0800531c       0x6c Libraries\STM32F4xx_StdPeriph_Driver\src\stm32f4_discovery.o
                0x0800531c                STM_EVAL_LEDInit
 .text.STM_EVAL_LEDOn
                0x08005388       0x34 Libraries\STM32F4xx_StdPeriph_Driver\src\stm32f4_discovery.o
                0x08005388                STM_EVAL_LEDOn
 .text.__libc_init_array
                0x080053bc       0x48 z:/vmware/winxp-atolic/program_files/truestudio for stmicroelectronics stm32 lite 2.2.0/armtools/bin/../lib/gcc/arm-atollic-eabi/4.5.1/../../../../arm-atollic-eabi/lib/thumb/cortex-m4\libc.a(lib_a-init.o)
                0x080053bc                __libc_init_array
 .text.memcpy   0x08005404       0x16 z:/vmware/winxp-atolic/program_files/truestudio for stmicroelectronics stm32 lite 2.2.0/armtools/bin/../lib/gcc/arm-atollic-eabi/4.5.1/../../../../arm-atollic-eabi/lib/thumb/cortex-m4\libc.a(lib_a-memcpy.o)
                0x08005404                memcpy
 .text.memset   0x0800541a       0x12 z:/vmware/winxp-atolic/program_files/truestudio for stmicroelectronics stm32 lite 2.2.0/armtools/bin/../lib/gcc/arm-atollic-eabi/4.5.1/../../../../arm-atollic-eabi/lib/thumb/cortex-m4\libc.a(lib_a-memset.o)
                0x0800541a                memset
 .text.strncpy  0x0800542c       0x28 z:/vmware/winxp-atolic/program_files/truestudio for stmicroelectronics stm32 lite 2.2.0/armtools/bin/../lib/gcc/arm-atollic-eabi/4.5.1/../../../../arm-atollic-eabi/lib/thumb/cortex-m4\libc.a(lib_a-strncpy.o)
                0x0800542c                strncpy
 *(.rodata)
 .rodata        0x08005454       0x10 src\mems.o
 .rodata        0x08005464       0x38 src\main.o
 .rodata        0x0800549c      0x210 src\debug.o
 .rodata        0x080056ac        0x8 src\FreeRTOS\timers.o
 .rodata        0x080056b4       0x20 src\FreeRTOS\tasks.o
 *(.rodata*)
 .rodata.uc16PercentToPWM
                0x080056d4       0xc8 src\utils.o
                0x080056d4                uc16PercentToPWM
 .rodata.GPIO_PIN
                0x0800579c        0x8 Libraries\STM32F4xx_StdPeriph_Driver\src\stm32f4_discovery.o
                0x0800579c                GPIO_PIN
 .rodata.GPIO_CLK
                0x080057a4       0x10 Libraries\STM32F4xx_StdPeriph_Driver\src\stm32f4_discovery.o
                0x080057a4                GPIO_CLK
 *(.glue_7)
 .glue_7        0x00000000        0x0 linker stubs
 *(.glue_7t)
 .glue_7t       0x00000000        0x0 linker stubs
 *(.eh_frame)
 *(.init)
 .init          0x080057b4        0x4 z:/vmware/winxp-atolic/program_files/truestudio for stmicroelectronics stm32 lite 2.2.0/armtools/bin/../lib/gcc/arm-atollic-eabi/4.5.1/thumb/cortex-m4/crti.o
                0x080057b4                _init
 .init          0x080057b8        0x8 z:/vmware/winxp-atolic/program_files/truestudio for stmicroelectronics stm32 lite 2.2.0/armtools/bin/../lib/gcc/arm-atollic-eabi/4.5.1/thumb/cortex-m4/crtn.o
 *(.fini)
 .fini          0x080057c0        0x4 z:/vmware/winxp-atolic/program_files/truestudio for stmicroelectronics stm32 lite 2.2.0/armtools/bin/../lib/gcc/arm-atollic-eabi/4.5.1/thumb/cortex-m4/crti.o
                0x080057c0                _fini
 .fini          0x080057c4        0x8 z:/vmware/winxp-atolic/program_files/truestudio for stmicroelectronics stm32 lite 2.2.0/armtools/bin/../lib/gcc/arm-atollic-eabi/4.5.1/thumb/cortex-m4/crtn.o
                0x080057cc                . = ALIGN (0x4)
                0x080057cc                _etext = .

.vfp11_veneer   0x080057cc        0x0
 .vfp11_veneer  0x00000000        0x0 linker stubs

.v4_bx          0x080057cc        0x0
 .v4_bx         0x00000000        0x0 linker stubs

.ARM.extab
 *(.ARM.extab* .gnu.linkonce.armextab.*)

.ARM            0x080057cc        0x0
                0x080057cc                __exidx_start = .
 *(.ARM.exidx*)
                0x080057cc                __exidx_end = .

.preinit_array  0x080057cc        0x0
                0x080057cc                PROVIDE (__preinit_array_start, .)
 *(.preinit_array*)
                0x080057cc                PROVIDE (__preinit_array_end, .)

.init_array     0x080057cc        0x4
                0x080057cc                PROVIDE (__init_array_start, .)
 *(SORT(.init_array.*))
 *(.init_array*)
 .init_array    0x080057cc        0x4 z:/vmware/winxp-atolic/program_files/truestudio for stmicroelectronics stm32 lite 2.2.0/armtools/bin/../lib/gcc/arm-atollic-eabi/4.5.1/thumb/cortex-m4/crtbegin.o
                0x080057d0                PROVIDE (__init_array_end, .)

.fini_array     0x080057d0        0x4
                0x080057d0                PROVIDE (__fini_array_start, .)
 *(.fini_array*)
 .fini_array    0x080057d0        0x4 z:/vmware/winxp-atolic/program_files/truestudio for stmicroelectronics stm32 lite 2.2.0/armtools/bin/../lib/gcc/arm-atollic-eabi/4.5.1/thumb/cortex-m4/crtbegin.o
 *(SORT(.fini_array.*))
                0x080057d4                PROVIDE (__fini_array_end, .)
                0x080057d4                _sidata = .

.data           0x20000000       0x48 load address 0x080057d4
                0x20000000                . = ALIGN (0x4)
                0x20000000                _sdata = .
 *(.data)
 *(.data*)
 .data.CCR1_Val
                0x20000000        0x2 src\utils.o
                0x20000000                CCR1_Val
 .data.CCR2_Val
                0x20000002        0x2 src\utils.o
                0x20000002                CCR2_Val
 .data.CCR3_Val
                0x20000004        0x2 src\utils.o
                0x20000004                CCR3_Val
 .data.CCR4_Val
                0x20000006        0x2 src\utils.o
                0x20000006                CCR4_Val
 .data.SystemCoreClock
                0x20000008        0x4 src\system_stm32f4xx.o
                0x20000008                SystemCoreClock
 .data.AHBPrescTable
                0x2000000c       0x10 src\system_stm32f4xx.o
                0x2000000c                AHBPrescTable
 .data.LIS302DLTimeout
                0x2000001c        0x4 src\stm32f4_discovery_lis302dl.o
                0x2000001c                LIS302DLTimeout
 .data.xNextTaskUnblockTime
                0x20000020        0x4 src\FreeRTOS\tasks.o
 .data.uxCriticalNesting
                0x20000024        0x4 src\FreeRTOS\portable\GCC\ARM_CM4F\port.o
 .data.APBAHBPrescTable
                0x20000028       0x10 Libraries\STM32F4xx_StdPeriph_Driver\src\stm32f4xx_rcc.o
 .data.GPIO_PORT
                0x20000038       0x10 Libraries\STM32F4xx_StdPeriph_Driver\src\stm32f4_discovery.o
                0x20000038                GPIO_PORT
                0x20000048                . = ALIGN (0x4)
                0x20000048                _edata = .

.jcr            0x20000048        0x0 load address 0x0800581c
 .jcr           0x20000048        0x0 z:/vmware/winxp-atolic/program_files/truestudio for stmicroelectronics stm32 lite 2.2.0/armtools/bin/../lib/gcc/arm-atollic-eabi/4.5.1/thumb/cortex-m4/crtbegin.o
                0x20000048                . = ALIGN (0x4)

.bss            0x20000048     0x159c load address 0x0800581c
                0x20000048                _sbss = .
                0x20000048                __bss_start__ = _sbss
 *(.bss)
 .bss           0x20000048        0x1 z:/vmware/winxp-atolic/program_files/truestudio for stmicroelectronics stm32 lite 2.2.0/armtools/bin/../lib/gcc/arm-atollic-eabi/4.5.1/thumb/cortex-m4/crtbegin.o
 *(.bss*)
 *fill*         0x20000049        0x1 00
 .bss.PrescalerValue
                0x2000004a        0x2 src\utils.o
                0x2000004a                PrescalerValue
 .bss.uart2_cnt
                0x2000004c        0x2 src\stm32f4xx_it.o
                0x2000004c                uart2_cnt
 .bss.fMems_Debug
                0x2000004e        0x1 src\mems.o
                0x2000004e                fMems_Debug
 *fill*         0x2000004f        0x1 00
 .bss.u64Ticks  0x20000050        0x8 src\main.o
                0x20000050                u64Ticks
 .bss.u64IdleTicks
                0x20000058        0x8 src\main.o
                0x20000058                u64IdleTicks
 .bss.u64IdleTicksCnt
                0x20000060        0x8 src\main.o
                0x20000060                u64IdleTicksCnt
 .bss.xActiveTimerList1
                0x20000068       0x14 src\FreeRTOS\timers.o
 .bss.xActiveTimerList2
                0x2000007c       0x14 src\FreeRTOS\timers.o
 .bss.pxCurrentTimerList
                0x20000090        0x4 src\FreeRTOS\timers.o
 .bss.pxOverflowTimerList
                0x20000094        0x4 src\FreeRTOS\timers.o
 .bss.xTimerQueue
                0x20000098        0x4 src\FreeRTOS\timers.o
 .bss.xLastTime.4862
                0x2000009c        0x4 src\FreeRTOS\timers.o
 .bss.pxCurrentTCB
                0x200000a0        0x4 src\FreeRTOS\tasks.o
                0x200000a0                pxCurrentTCB
 .bss.pxReadyTasksLists
                0x200000a4       0x64 src\FreeRTOS\tasks.o
 .bss.xDelayedTaskList1
                0x20000108       0x14 src\FreeRTOS\tasks.o
 .bss.xDelayedTaskList2
                0x2000011c       0x14 src\FreeRTOS\tasks.o
 .bss.pxDelayedTaskList
                0x20000130        0x4 src\FreeRTOS\tasks.o
 .bss.pxOverflowDelayedTaskList
                0x20000134        0x4 src\FreeRTOS\tasks.o
 .bss.xPendingReadyList
                0x20000138       0x14 src\FreeRTOS\tasks.o
 .bss.xTasksWaitingTermination
                0x2000014c       0x14 src\FreeRTOS\tasks.o
 .bss.uxTasksDeleted
                0x20000160        0x4 src\FreeRTOS\tasks.o
 .bss.xSuspendedTaskList
                0x20000164       0x14 src\FreeRTOS\tasks.o
 .bss.uxCurrentNumberOfTasks
                0x20000178        0x4 src\FreeRTOS\tasks.o
 .bss.xTickCount
                0x2000017c        0x4 src\FreeRTOS\tasks.o
 .bss.uxTopUsedPriority
                0x20000180        0x4 src\FreeRTOS\tasks.o
 .bss.uxTopReadyPriority
                0x20000184        0x4 src\FreeRTOS\tasks.o
 .bss.xSchedulerRunning
                0x20000188        0x4 src\FreeRTOS\tasks.o
 .bss.uxSchedulerSuspended
                0x2000018c        0x4 src\FreeRTOS\tasks.o
 .bss.uxMissedTicks
                0x20000190        0x4 src\FreeRTOS\tasks.o
 .bss.xMissedYield
                0x20000194        0x4 src\FreeRTOS\tasks.o
 .bss.xNumOfOverflows
                0x20000198        0x4 src\FreeRTOS\tasks.o
 .bss.uxTCBNumber
                0x2000019c        0x4 src\FreeRTOS\tasks.o
 .bss.xHeap     0x200001a0     0x1400 src\FreeRTOS\portable\MemMang\heap_1.o
 .bss.xNextFreeByte
                0x200015a0        0x4 src\FreeRTOS\portable\MemMang\heap_1.o
 *(COMMON)
 COMMON         0x200015a4       0x20 src\utils.o
                0x200015a4                TIM_TimeBaseStructure
                0x200015b0                TIM_OCInitStructure
 COMMON         0x200015c4        0xe src\mems.o
                0x200015c4                accel
                0x200015cc                s8buff
 *fill*         0x200015d2        0x2 00
 COMMON         0x200015d4        0xc src\main.o
                0x200015d4                hDebugTask
                0x200015d8                hTimeTask
                0x200015dc                hMemsTask
 COMMON         0x200015e0        0x4 src\debug.o
                0x200015e0                xDebugQueue
                0x200015e4                . = ALIGN (0x4)
                0x200015e4                _ebss = .
                0x200015e4                __bss_end__ = _ebss

._user_heap_stack
                0x200015e4      0x400 load address 0x0800581c
                0x200015e4                . = ALIGN (0x4)
                0x200015e4                PROVIDE (end, .)
                0x200015e4                PROVIDE (_end, .)
                0x200015e4                . = (. + _Min_Heap_Size)
                0x200019e4                . = (. + _Min_Stack_Size)
 *fill*         0x200015e4      0x400 00
                0x200019e4                . = ALIGN (0x4)

.memory_b1_text
 *(.mb1text)
 *(.mb1text*)
 *(.mb1rodata)
 *(.mb1rodata*)

/DISCARD/
 libc.a(*)
 libm.a(*)
 libgcc.a(*)

.ARM.attributes
                0x00000000       0x33
 *(.ARM.attributes)
 .ARM.attributes
                0x00000000       0x21 z:/vmware/winxp-atolic/program_files/truestudio for stmicroelectronics stm32 lite 2.2.0/armtools/bin/../lib/gcc/arm-atollic-eabi/4.5.1/thumb/cortex-m4/crti.o
 .ARM.attributes
                0x00000021       0x31 z:/vmware/winxp-atolic/program_files/truestudio for stmicroelectronics stm32 lite 2.2.0/armtools/bin/../lib/gcc/arm-atollic-eabi/4.5.1/thumb/cortex-m4/crtbegin.o
 .ARM.attributes
                0x00000052       0x37 src\utils.o
 .ARM.attributes
                0x00000089       0x37 src\system_stm32f4xx.o
 .ARM.attributes
                0x000000c0       0x37 src\stm32f4xx_it.o
 .ARM.attributes
                0x000000f7       0x37 src\stm32f4_discovery_lis302dl.o
 .ARM.attributes
                0x0000012e       0x21 src\startup_stm32f4xx.o
 .ARM.attributes
                0x0000014f       0x37 src\mems.o
 .ARM.attributes
                0x00000186       0x37 src\main.o
 .ARM.attributes
                0x000001bd       0x37 src\debug.o
 .ARM.attributes
                0x000001f4       0x37 src\FreeRTOS\timers.o
 .ARM.attributes
                0x0000022b       0x37 src\FreeRTOS\tasks.o
 .ARM.attributes
                0x00000262       0x37 src\FreeRTOS\queue.o
 .ARM.attributes
                0x00000299       0x37 src\FreeRTOS\portable\MemMang\heap_1.o
 .ARM.attributes
                0x000002d0       0x37 src\FreeRTOS\portable\GCC\ARM_CM4F\port.o
 .ARM.attributes
                0x00000307       0x37 src\FreeRTOS\list.o
 .ARM.attributes
                0x0000033e       0x37 src\FreeRTOS\croutine.o
 .ARM.attributes
                0x00000375       0x37 Libraries\STM32F4xx_StdPeriph_Driver\src\stm32f4xx_wwdg.o
 .ARM.attributes
                0x000003ac       0x37 Libraries\STM32F4xx_StdPeriph_Driver\src\stm32f4xx_usart.o
 .ARM.attributes
                0x000003e3       0x37 Libraries\STM32F4xx_StdPeriph_Driver\src\stm32f4xx_tim.o
 .ARM.attributes
                0x0000041a       0x37 Libraries\STM32F4xx_StdPeriph_Driver\src\stm32f4xx_syscfg.o
 .ARM.attributes
                0x00000451       0x37 Libraries\STM32F4xx_StdPeriph_Driver\src\stm32f4xx_spi.o
 .ARM.attributes
                0x00000488       0x37 Libraries\STM32F4xx_StdPeriph_Driver\src\stm32f4xx_sdio.o
 .ARM.attributes
                0x000004bf       0x37 Libraries\STM32F4xx_StdPeriph_Driver\src\stm32f4xx_rtc.o
 .ARM.attributes
                0x000004f6       0x37 Libraries\STM32F4xx_StdPeriph_Driver\src\stm32f4xx_rng.o
 .ARM.attributes
                0x0000052d       0x37 Libraries\STM32F4xx_StdPeriph_Driver\src\stm32f4xx_rcc.o
 .ARM.attributes
                0x00000564       0x37 Libraries\STM32F4xx_StdPeriph_Driver\src\stm32f4xx_pwr.o
 .ARM.attributes
                0x0000059b       0x37 Libraries\STM32F4xx_StdPeriph_Driver\src\stm32f4xx_iwdg.o
 .ARM.attributes
                0x000005d2       0x37 Libraries\STM32F4xx_StdPeriph_Driver\src\stm32f4xx_i2c.o
 .ARM.attributes
                0x00000609       0x37 Libraries\STM32F4xx_StdPeriph_Driver\src\stm32f4xx_hash_sha1.o
 .ARM.attributes
                0x00000640       0x37 Libraries\STM32F4xx_StdPeriph_Driver\src\stm32f4xx_hash_md5.o
 .ARM.attributes
                0x00000677       0x37 Libraries\STM32F4xx_StdPeriph_Driver\src\stm32f4xx_hash.o
 .ARM.attributes
                0x000006ae       0x37 Libraries\STM32F4xx_StdPeriph_Driver\src\stm32f4xx_gpio.o
 .ARM.attributes
                0x000006e5       0x37 Libraries\STM32F4xx_StdPeriph_Driver\src\stm32f4xx_fsmc.o
 .ARM.attributes
                0x0000071c       0x37 Libraries\STM32F4xx_StdPeriph_Driver\src\stm32f4xx_flash.o
 .ARM.attributes
                0x00000753       0x37 Libraries\STM32F4xx_StdPeriph_Driver\src\stm32f4xx_exti.o
 .ARM.attributes
                0x0000078a       0x37 Libraries\STM32F4xx_StdPeriph_Driver\src\stm32f4xx_dma.o
 .ARM.attributes
                0x000007c1       0x37 Libraries\STM32F4xx_StdPeriph_Driver\src\stm32f4xx_dcmi.o
 .ARM.attributes
                0x000007f8       0x37 Libraries\STM32F4xx_StdPeriph_Driver\src\stm32f4xx_dbgmcu.o
 .ARM.attributes
                0x0000082f       0x37 Libraries\STM32F4xx_StdPeriph_Driver\src\stm32f4xx_dac.o
 .ARM.attributes
                0x00000866       0x37 Libraries\STM32F4xx_StdPeriph_Driver\src\stm32f4xx_cryp_tdes.o
 .ARM.attributes
                0x0000089d       0x37 Libraries\STM32F4xx_StdPeriph_Driver\src\stm32f4xx_cryp_des.o
 .ARM.attributes
                0x000008d4       0x37 Libraries\STM32F4xx_StdPeriph_Driver\src\stm32f4xx_cryp_aes.o
 .ARM.attributes
                0x0000090b       0x37 Libraries\STM32F4xx_StdPeriph_Driver\src\stm32f4xx_cryp.o
 .ARM.attributes
                0x00000942       0x37 Libraries\STM32F4xx_StdPeriph_Driver\src\stm32f4xx_crc.o
 .ARM.attributes
                0x00000979       0x37 Libraries\STM32F4xx_StdPeriph_Driver\src\stm32f4xx_can.o
 .ARM.attributes
                0x000009b0       0x37 Libraries\STM32F4xx_StdPeriph_Driver\src\stm32f4xx_adc.o
 .ARM.attributes
                0x000009e7       0x37 Libraries\STM32F4xx_StdPeriph_Driver\src\stm32f4_discovery.o
 .ARM.attributes
                0x00000a1e       0x37 Libraries\STM32F4xx_StdPeriph_Driver\src\misc.o
 .ARM.attributes
                0x00000a55       0x31 z:/vmware/winxp-atolic/program_files/truestudio for stmicroelectronics stm32 lite 2.2.0/armtools/bin/../lib/gcc/arm-atollic-eabi/4.5.1/../../../../arm-atollic-eabi/lib/thumb/cortex-m4\libc.a(lib_a-init.o)
 .ARM.attributes
                0x00000a86       0x31 z:/vmware/winxp-atolic/program_files/truestudio for stmicroelectronics stm32 lite 2.2.0/armtools/bin/../lib/gcc/arm-atollic-eabi/4.5.1/../../../../arm-atollic-eabi/lib/thumb/cortex-m4\libc.a(lib_a-memcpy.o)
 .ARM.attributes
                0x00000ab7       0x31 z:/vmware/winxp-atolic/program_files/truestudio for stmicroelectronics stm32 lite 2.2.0/armtools/bin/../lib/gcc/arm-atollic-eabi/4.5.1/../../../../arm-atollic-eabi/lib/thumb/cortex-m4\libc.a(lib_a-memset.o)
 .ARM.attributes
                0x00000ae8       0x31 z:/vmware/winxp-atolic/program_files/truestudio for stmicroelectronics stm32 lite 2.2.0/armtools/bin/../lib/gcc/arm-atollic-eabi/4.5.1/../../../../arm-atollic-eabi/lib/thumb/cortex-m4\libc.a(lib_a-sprintf.o)
 .ARM.attributes
                0x00000b19       0x31 z:/vmware/winxp-atolic/program_files/truestudio for stmicroelectronics stm32 lite 2.2.0/armtools/bin/../lib/gcc/arm-atollic-eabi/4.5.1/../../../../arm-atollic-eabi/lib/thumb/cortex-m4\libc.a(lib_a-strcat.o)
 .ARM.attributes
                0x00000b4a       0x31 z:/vmware/winxp-atolic/program_files/truestudio for stmicroelectronics stm32 lite 2.2.0/armtools/bin/../lib/gcc/arm-atollic-eabi/4.5.1/../../../../arm-atollic-eabi/lib/thumb/cortex-m4\libc.a(lib_a-strlen.o)
 .ARM.attributes
                0x00000b7b       0x31 z:/vmware/winxp-atolic/program_files/truestudio for stmicroelectronics stm32 lite 2.2.0/armtools/bin/../lib/gcc/arm-atollic-eabi/4.5.1/../../../../arm-atollic-eabi/lib/thumb/cortex-m4\libc.a(lib_a-strncpy.o)
 .ARM.attributes
                0x00000bac       0x31 z:/vmware/winxp-atolic/program_files/truestudio for stmicroelectronics stm32 lite 2.2.0/armtools/bin/../lib/gcc/arm-atollic-eabi/4.5.1/../../../../arm-atollic-eabi/lib/thumb/cortex-m4\libc.a(lib_a-svfprintf.o)
 .ARM.attributes
                0x00000bdd       0x31 z:/vmware/winxp-atolic/program_files/truestudio for stmicroelectronics stm32 lite 2.2.0/armtools/bin/../lib/gcc/arm-atollic-eabi/4.5.1/../../../../arm-atollic-eabi/lib/thumb/cortex-m4\libc.a(lib_a-dtoa.o)
 .ARM.attributes
                0x00000c0e       0x31 z:/vmware/winxp-atolic/program_files/truestudio for stmicroelectronics stm32 lite 2.2.0/armtools/bin/../lib/gcc/arm-atollic-eabi/4.5.1/../../../../arm-atollic-eabi/lib/thumb/cortex-m4\libc.a(lib_a-impure.o)
 .ARM.attributes
                0x00000c3f       0x31 z:/vmware/winxp-atolic/program_files/truestudio for stmicroelectronics stm32 lite 2.2.0/armtools/bin/../lib/gcc/arm-atollic-eabi/4.5.1/../../../../arm-atollic-eabi/lib/thumb/cortex-m4\libc.a(lib_a-locale.o)
 .ARM.attributes
                0x00000c70       0x31 z:/vmware/winxp-atolic/program_files/truestudio for stmicroelectronics stm32 lite 2.2.0/armtools/bin/../lib/gcc/arm-atollic-eabi/4.5.1/../../../../arm-atollic-eabi/lib/thumb/cortex-m4\libc.a(lib_a-malloc.o)
 .ARM.attributes
                0x00000ca1       0x31 z:/vmware/winxp-atolic/program_files/truestudio for stmicroelectronics stm32 lite 2.2.0/armtools/bin/../lib/gcc/arm-atollic-eabi/4.5.1/../../../../arm-atollic-eabi/lib/thumb/cortex-m4\libc.a(lib_a-mallocr.o)
 .ARM.attributes
                0x00000cd2       0x31 z:/vmware/winxp-atolic/program_files/truestudio for stmicroelectronics stm32 lite 2.2.0/armtools/bin/../lib/gcc/arm-atollic-eabi/4.5.1/../../../../arm-atollic-eabi/lib/thumb/cortex-m4\libc.a(lib_a-memchr.o)
 .ARM.attributes
                0x00000d03       0x31 z:/vmware/winxp-atolic/program_files/truestudio for stmicroelectronics stm32 lite 2.2.0/armtools/bin/../lib/gcc/arm-atollic-eabi/4.5.1/../../../../arm-atollic-eabi/lib/thumb/cortex-m4\libc.a(lib_a-mlock.o)
 .ARM.attributes
                0x00000d34       0x31 z:/vmware/winxp-atolic/program_files/truestudio for stmicroelectronics stm32 lite 2.2.0/armtools/bin/../lib/gcc/arm-atollic-eabi/4.5.1/../../../../arm-atollic-eabi/lib/thumb/cortex-m4\libc.a(lib_a-mprec.o)
 .ARM.attributes
                0x00000d65       0x31 z:/vmware/winxp-atolic/program_files/truestudio for stmicroelectronics stm32 lite 2.2.0/armtools/bin/../lib/gcc/arm-atollic-eabi/4.5.1/../../../../arm-atollic-eabi/lib/thumb/cortex-m4\libc.a(lib_a-sbrkr.o)
 .ARM.attributes
                0x00000d96       0x31 z:/vmware/winxp-atolic/program_files/truestudio for stmicroelectronics stm32 lite 2.2.0/armtools/bin/../lib/gcc/arm-atollic-eabi/4.5.1/../../../../arm-atollic-eabi/lib/thumb/cortex-m4\libc.a(lib_a-s_fpclassify.o)
 .ARM.attributes
                0x00000dc7       0x31 z:/vmware/winxp-atolic/program_files/truestudio for stmicroelectronics stm32 lite 2.2.0/armtools/bin/../lib/gcc/arm-atollic-eabi/4.5.1/../../../../arm-atollic-eabi/lib/thumb/cortex-m4\libc.a(lib_a-strcmp.o)
 .ARM.attributes
                0x00000df8       0x31 z:/vmware/winxp-atolic/program_files/truestudio for stmicroelectronics stm32 lite 2.2.0/armtools/bin/../lib/gcc/arm-atollic-eabi/4.5.1/../../../../arm-atollic-eabi/lib/thumb/cortex-m4\libc.a(lib_a-svfiprintf.o)
 .ARM.attributes
                0x00000e29       0x31 z:/vmware/winxp-atolic/program_files/truestudio for stmicroelectronics stm32 lite 2.2.0/armtools/bin/../lib/gcc/arm-atollic-eabi/4.5.1/../../../../arm-atollic-eabi/lib/thumb/cortex-m4\libc.a(lib_a-syscalls.o)
 .ARM.attributes
                0x00000e5a       0x31 z:/vmware/winxp-atolic/program_files/truestudio for stmicroelectronics stm32 lite 2.2.0/armtools/bin/../lib/gcc/arm-atollic-eabi/4.5.1/../../../../arm-atollic-eabi/lib/thumb/cortex-m4\libc.a(lib_a-callocr.o)
 .ARM.attributes
                0x00000e8b       0x31 z:/vmware/winxp-atolic/program_files/truestudio for stmicroelectronics stm32 lite 2.2.0/armtools/bin/../lib/gcc/arm-atollic-eabi/4.5.1/../../../../arm-atollic-eabi/lib/thumb/cortex-m4\libc.a(lib_a-freer.o)
 .ARM.attributes
                0x00000ebc       0x31 z:/vmware/winxp-atolic/program_files/truestudio for stmicroelectronics stm32 lite 2.2.0/armtools/bin/../lib/gcc/arm-atollic-eabi/4.5.1/../../../../arm-atollic-eabi/lib/thumb/cortex-m4\libc.a(lib_a-memmove.o)
 .ARM.attributes
                0x00000eed       0x31 z:/vmware/winxp-atolic/program_files/truestudio for stmicroelectronics stm32 lite 2.2.0/armtools/bin/../lib/gcc/arm-atollic-eabi/4.5.1/../../../../arm-atollic-eabi/lib/thumb/cortex-m4\libc.a(lib_a-reallocr.o)
 .ARM.attributes
                0x00000f1e       0x31 z:/vmware/winxp-atolic/program_files/truestudio for stmicroelectronics stm32 lite 2.2.0/armtools/bin/../lib/gcc/arm-atollic-eabi/4.5.1/../../../../arm-atollic-eabi/lib/thumb/cortex-m4\libc.a(lib_a-reent.o)
 .ARM.attributes
                0x00000f4f       0x23 z:/vmware/winxp-atolic/program_files/truestudio for stmicroelectronics stm32 lite 2.2.0/armtools/bin/../lib/gcc/arm-atollic-eabi/4.5.1/thumb/cortex-m4\libgcc.a(_arm_addsubdf3.o)
 .ARM.attributes
                0x00000f72       0x23 z:/vmware/winxp-atolic/program_files/truestudio for stmicroelectronics stm32 lite 2.2.0/armtools/bin/../lib/gcc/arm-atollic-eabi/4.5.1/thumb/cortex-m4\libgcc.a(_arm_muldivdf3.o)
 .ARM.attributes
                0x00000f95       0x23 z:/vmware/winxp-atolic/program_files/truestudio for stmicroelectronics stm32 lite 2.2.0/armtools/bin/../lib/gcc/arm-atollic-eabi/4.5.1/thumb/cortex-m4\libgcc.a(_arm_cmpdf2.o)
 .ARM.attributes
                0x00000fb8       0x23 z:/vmware/winxp-atolic/program_files/truestudio for stmicroelectronics stm32 lite 2.2.0/armtools/bin/../lib/gcc/arm-atollic-eabi/4.5.1/thumb/cortex-m4\libgcc.a(_arm_fixdfsi.o)
 .ARM.attributes
                0x00000fdb       0x23 z:/vmware/winxp-atolic/program_files/truestudio for stmicroelectronics stm32 lite 2.2.0/armtools/bin/../lib/gcc/arm-atollic-eabi/4.5.1/thumb/cortex-m4\libgcc.a(_aeabi_uldivmod.o)
 .ARM.attributes
                0x00000ffe       0x31 z:/vmware/winxp-atolic/program_files/truestudio for stmicroelectronics stm32 lite 2.2.0/armtools/bin/../lib/gcc/arm-atollic-eabi/4.5.1/thumb/cortex-m4\libgcc.a(bpabi.o)
 .ARM.attributes
                0x0000102f       0x23 z:/vmware/winxp-atolic/program_files/truestudio for stmicroelectronics stm32 lite 2.2.0/armtools/bin/../lib/gcc/arm-atollic-eabi/4.5.1/thumb/cortex-m4\libgcc.a(_dvmd_tls.o)
 .ARM.attributes
                0x00001052       0x31 z:/vmware/winxp-atolic/program_files/truestudio for stmicroelectronics stm32 lite 2.2.0/armtools/bin/../lib/gcc/arm-atollic-eabi/4.5.1/thumb/cortex-m4\libgcc.a(_divdi3.o)
 .ARM.attributes
                0x00001083       0x31 z:/vmware/winxp-atolic/program_files/truestudio for stmicroelectronics stm32 lite 2.2.0/armtools/bin/../lib/gcc/arm-atollic-eabi/4.5.1/thumb/cortex-m4\libgcc.a(_udivdi3.o)
 .ARM.attributes
                0x000010b4       0x31 z:/vmware/winxp-atolic/program_files/truestudio for stmicroelectronics stm32 lite 2.2.0/armtools/bin/../lib/gcc/arm-atollic-eabi/4.5.1/thumb/cortex-m4/crtend.o
 .ARM.attributes
                0x000010e5       0x21 z:/vmware/winxp-atolic/program_files/truestudio for stmicroelectronics stm32 lite 2.2.0/armtools/bin/../lib/gcc/arm-atollic-eabi/4.5.1/thumb/cortex-m4/crtn.o
OUTPUT(Test1.elf elf32-littlearm)

.debug_line     0x00000000     0xb06d
 .debug_line    0x00000000       0x6d z:/vmware/winxp-atolic/program_files/truestudio for stmicroelectronics stm32 lite 2.2.0/armtools/bin/../lib/gcc/arm-atollic-eabi/4.5.1/thumb/cortex-m4/crti.o
 .debug_line    0x0000006d      0x322 src\utils.o
 .debug_line    0x0000038f      0x1e7 src\system_stm32f4xx.o
 .debug_line    0x00000576      0x1d3 src\stm32f4xx_it.o
 .debug_line    0x00000749      0x38a src\stm32f4_discovery_lis302dl.o
 .debug_line    0x00000ad3       0x74 src\startup_stm32f4xx.o
 .debug_line    0x00000b47      0x24b src\mems.o
 .debug_line    0x00000d92      0x1f1 src\main.o
 .debug_line    0x00000f83      0x354 src\debug.o
 .debug_line    0x000012d7      0x399 src\FreeRTOS\timers.o
 .debug_line    0x00001670      0x92e src\FreeRTOS\tasks.o
 .debug_line    0x00001f9e      0x6aa src\FreeRTOS\queue.o
 .debug_line    0x00002648      0x221 src\FreeRTOS\portable\MemMang\heap_1.o
 .debug_line    0x00002869      0x2b8 src\FreeRTOS\portable\GCC\ARM_CM4F\port.o
 .debug_line    0x00002b21      0x209 src\FreeRTOS\list.o
 .debug_line    0x00002d2a      0x2d8 src\FreeRTOS\croutine.o
 .debug_line    0x00003002      0x20e Libraries\STM32F4xx_StdPeriph_Driver\src\stm32f4xx_wwdg.o
 .debug_line    0x00003210      0x46a Libraries\STM32F4xx_StdPeriph_Driver\src\stm32f4xx_usart.o
 .debug_line    0x0000367a      0xa3f Libraries\STM32F4xx_StdPeriph_Driver\src\stm32f4xx_tim.o
 .debug_line    0x000040b9      0x1ec Libraries\STM32F4xx_StdPeriph_Driver\src\stm32f4xx_syscfg.o
 .debug_line    0x000042a5      0x41a Libraries\STM32F4xx_StdPeriph_Driver\src\stm32f4xx_spi.o
 .debug_line    0x000046bf      0x40a Libraries\STM32F4xx_StdPeriph_Driver\src\stm32f4xx_sdio.o
 .debug_line    0x00004ac9      0x7de Libraries\STM32F4xx_StdPeriph_Driver\src\stm32f4xx_rtc.o
 .debug_line    0x000052a7      0x20f Libraries\STM32F4xx_StdPeriph_Driver\src\stm32f4xx_rng.o
 .debug_line    0x000054b6      0x566 Libraries\STM32F4xx_StdPeriph_Driver\src\stm32f4xx_rcc.o
 .debug_line    0x00005a1c      0x287 Libraries\STM32F4xx_StdPeriph_Driver\src\stm32f4xx_pwr.o
 .debug_line    0x00005ca3      0x1e3 Libraries\STM32F4xx_StdPeriph_Driver\src\stm32f4xx_iwdg.o
 .debug_line    0x00005e86      0x4a2 Libraries\STM32F4xx_StdPeriph_Driver\src\stm32f4xx_i2c.o
 .debug_line    0x00006328      0x347 Libraries\STM32F4xx_StdPeriph_Driver\src\stm32f4xx_hash_sha1.o
 .debug_line    0x0000666f      0x32c Libraries\STM32F4xx_StdPeriph_Driver\src\stm32f4xx_hash_md5.o
 .debug_line    0x0000699b      0x337 Libraries\STM32F4xx_StdPeriph_Driver\src\stm32f4xx_hash.o
 .debug_line    0x00006cd2      0x305 Libraries\STM32F4xx_StdPeriph_Driver\src\stm32f4xx_gpio.o
 .debug_line    0x00006fd7      0x427 Libraries\STM32F4xx_StdPeriph_Driver\src\stm32f4xx_fsmc.o
 .debug_line    0x000073fe      0x453 Libraries\STM32F4xx_StdPeriph_Driver\src\stm32f4xx_flash.o
 .debug_line    0x00007851      0x26f Libraries\STM32F4xx_StdPeriph_Driver\src\stm32f4xx_exti.o
 .debug_line    0x00007ac0      0x3a2 Libraries\STM32F4xx_StdPeriph_Driver\src\stm32f4xx_dma.o
 .debug_line    0x00007e62      0x306 Libraries\STM32F4xx_StdPeriph_Driver\src\stm32f4xx_dcmi.o
 .debug_line    0x00008168      0x1d3 Libraries\STM32F4xx_StdPeriph_Driver\src\stm32f4xx_dbgmcu.o
 .debug_line    0x0000833b      0x328 Libraries\STM32F4xx_StdPeriph_Driver\src\stm32f4xx_dac.o
 .debug_line    0x00008663      0x33b Libraries\STM32F4xx_StdPeriph_Driver\src\stm32f4xx_cryp_tdes.o
 .debug_line    0x0000899e      0x2c2 Libraries\STM32F4xx_StdPeriph_Driver\src\stm32f4xx_cryp_des.o
 .debug_line    0x00008c60      0x67c Libraries\STM32F4xx_StdPeriph_Driver\src\stm32f4xx_cryp_aes.o
 .debug_line    0x000092dc      0x35c Libraries\STM32F4xx_StdPeriph_Driver\src\stm32f4xx_cryp.o
 .debug_line    0x00009638      0x1f0 Libraries\STM32F4xx_StdPeriph_Driver\src\stm32f4xx_crc.o
 .debug_line    0x00009828      0x538 Libraries\STM32F4xx_StdPeriph_Driver\src\stm32f4xx_can.o
 .debug_line    0x00009d60      0x51a Libraries\STM32F4xx_StdPeriph_Driver\src\stm32f4xx_adc.o
 .debug_line    0x0000a27a      0x270 Libraries\STM32F4xx_StdPeriph_Driver\src\stm32f4_discovery.o
 .debug_line    0x0000a4ea      0x20b Libraries\STM32F4xx_StdPeriph_Driver\src\misc.o
 .debug_line    0x0000a6f5      0x213 z:/vmware/winxp-atolic/program_files/truestudio for stmicroelectronics stm32 lite 2.2.0/armtools/bin/../lib/gcc/arm-atollic-eabi/4.5.1/thumb/cortex-m4\libgcc.a(_arm_addsubdf3.o)
 .debug_line    0x0000a908      0x22f z:/vmware/winxp-atolic/program_files/truestudio for stmicroelectronics stm32 lite 2.2.0/armtools/bin/../lib/gcc/arm-atollic-eabi/4.5.1/thumb/cortex-m4\libgcc.a(_arm_muldivdf3.o)
 .debug_line    0x0000ab37      0x115 z:/vmware/winxp-atolic/program_files/truestudio for stmicroelectronics stm32 lite 2.2.0/armtools/bin/../lib/gcc/arm-atollic-eabi/4.5.1/thumb/cortex-m4\libgcc.a(_arm_cmpdf2.o)
 .debug_line    0x0000ac4c       0x8d z:/vmware/winxp-atolic/program_files/truestudio for stmicroelectronics stm32 lite 2.2.0/armtools/bin/../lib/gcc/arm-atollic-eabi/4.5.1/thumb/cortex-m4\libgcc.a(_arm_fixdfsi.o)
 .debug_line    0x0000acd9       0x78 z:/vmware/winxp-atolic/program_files/truestudio for stmicroelectronics stm32 lite 2.2.0/armtools/bin/../lib/gcc/arm-atollic-eabi/4.5.1/thumb/cortex-m4\libgcc.a(_aeabi_uldivmod.o)
 .debug_line    0x0000ad51       0x78 z:/vmware/winxp-atolic/program_files/truestudio for stmicroelectronics stm32 lite 2.2.0/armtools/bin/../lib/gcc/arm-atollic-eabi/4.5.1/thumb/cortex-m4\libgcc.a(bpabi.o)
 .debug_line    0x0000adc9       0x76 z:/vmware/winxp-atolic/program_files/truestudio for stmicroelectronics stm32 lite 2.2.0/armtools/bin/../lib/gcc/arm-atollic-eabi/4.5.1/thumb/cortex-m4\libgcc.a(_dvmd_tls.o)
 .debug_line    0x0000ae3f       0xee z:/vmware/winxp-atolic/program_files/truestudio for stmicroelectronics stm32 lite 2.2.0/armtools/bin/../lib/gcc/arm-atollic-eabi/4.5.1/thumb/cortex-m4\libgcc.a(_divdi3.o)
 .debug_line    0x0000af2d       0xd0 z:/vmware/winxp-atolic/program_files/truestudio for stmicroelectronics stm32 lite 2.2.0/armtools/bin/../lib/gcc/arm-atollic-eabi/4.5.1/thumb/cortex-m4\libgcc.a(_udivdi3.o)
 .debug_line    0x0000affd       0x70 z:/vmware/winxp-atolic/program_files/truestudio for stmicroelectronics stm32 lite 2.2.0/armtools/bin/../lib/gcc/arm-atollic-eabi/4.5.1/thumb/cortex-m4/crtn.o

.debug_info     0x00000000    0x1738a
 .debug_info    0x00000000       0x7e z:/vmware/winxp-atolic/program_files/truestudio for stmicroelectronics stm32 lite 2.2.0/armtools/bin/../lib/gcc/arm-atollic-eabi/4.5.1/thumb/cortex-m4/crti.o
 .debug_info    0x0000007e      0xfa2 src\utils.o
 .debug_info    0x00001020      0x621 src\system_stm32f4xx.o
 .debug_info    0x00001641      0x24f src\stm32f4xx_it.o
 .debug_info    0x00001890      0x844 src\stm32f4_discovery_lis302dl.o
 .debug_info    0x000020d4       0x66 src\startup_stm32f4xx.o
 .debug_info    0x0000213a      0x4f0 src\mems.o
 .debug_info    0x0000262a      0x23b src\main.o
 .debug_info    0x00002865      0x3f8 src\debug.o
 .debug_info    0x00002c5d      0x779 src\FreeRTOS\timers.o
 .debug_info    0x000033d6     0x103a src\FreeRTOS\tasks.o
 .debug_info    0x00004410      0xa53 src\FreeRTOS\queue.o
 .debug_info    0x00004e63      0x1b6 src\FreeRTOS\portable\MemMang\heap_1.o
 .debug_info    0x00005019      0x249 src\FreeRTOS\portable\GCC\ARM_CM4F\port.o
 .debug_info    0x00005262      0x2da src\FreeRTOS\list.o
 .debug_info    0x0000553c      0x4fb src\FreeRTOS\croutine.o
 .debug_info    0x00005a37      0x25a Libraries\STM32F4xx_StdPeriph_Driver\src\stm32f4xx_wwdg.o
 .debug_info    0x00005c91      0xa53 Libraries\STM32F4xx_StdPeriph_Driver\src\stm32f4xx_usart.o
 .debug_info    0x000066e4     0x1e2c Libraries\STM32F4xx_StdPeriph_Driver\src\stm32f4xx_tim.o
 .debug_info    0x00008510      0x27e Libraries\STM32F4xx_StdPeriph_Driver\src\stm32f4xx_syscfg.o
 .debug_info    0x0000878e      0xbd0 Libraries\STM32F4xx_StdPeriph_Driver\src\stm32f4xx_spi.o
 .debug_info    0x0000935e      0x8a8 Libraries\STM32F4xx_StdPeriph_Driver\src\stm32f4xx_sdio.o
 .debug_info    0x00009c06     0x1227 Libraries\STM32F4xx_StdPeriph_Driver\src\stm32f4xx_rtc.o
 .debug_info    0x0000ae2d      0x295 Libraries\STM32F4xx_StdPeriph_Driver\src\stm32f4xx_rng.o
 .debug_info    0x0000b0c2      0xd28 Libraries\STM32F4xx_StdPeriph_Driver\src\stm32f4xx_rcc.o
 .debug_info    0x0000bdea      0x542 Libraries\STM32F4xx_StdPeriph_Driver\src\stm32f4xx_pwr.o
 .debug_info    0x0000c32c      0x20f Libraries\STM32F4xx_StdPeriph_Driver\src\stm32f4xx_iwdg.o
 .debug_info    0x0000c53b      0xb95 Libraries\STM32F4xx_StdPeriph_Driver\src\stm32f4xx_i2c.o
 .debug_info    0x0000d0d0      0x54e Libraries\STM32F4xx_StdPeriph_Driver\src\stm32f4xx_hash_sha1.o
 .debug_info    0x0000d61e      0x4ed Libraries\STM32F4xx_StdPeriph_Driver\src\stm32f4xx_hash_md5.o
 .debug_info    0x0000db0b      0x58a Libraries\STM32F4xx_StdPeriph_Driver\src\stm32f4xx_hash.o
 .debug_info    0x0000e095      0x63d Libraries\STM32F4xx_StdPeriph_Driver\src\stm32f4xx_gpio.o
 .debug_info    0x0000e6d2      0x9a9 Libraries\STM32F4xx_StdPeriph_Driver\src\stm32f4xx_fsmc.o
 .debug_info    0x0000f07b      0x778 Libraries\STM32F4xx_StdPeriph_Driver\src\stm32f4xx_flash.o
 .debug_info    0x0000f7f3      0x376 Libraries\STM32F4xx_StdPeriph_Driver\src\stm32f4xx_exti.o
 .debug_info    0x0000fb69      0x7a7 Libraries\STM32F4xx_StdPeriph_Driver\src\stm32f4xx_dma.o
 .debug_info    0x00010310      0x5a1 Libraries\STM32F4xx_StdPeriph_Driver\src\stm32f4xx_dcmi.o
 .debug_info    0x000108b1      0x1f3 Libraries\STM32F4xx_StdPeriph_Driver\src\stm32f4xx_dbgmcu.o
 .debug_info    0x00010aa4      0x687 Libraries\STM32F4xx_StdPeriph_Driver\src\stm32f4xx_dac.o
 .debug_info    0x0001112b      0x6e3 Libraries\STM32F4xx_StdPeriph_Driver\src\stm32f4xx_cryp_tdes.o
 .debug_info    0x0001180e      0x564 Libraries\STM32F4xx_StdPeriph_Driver\src\stm32f4xx_cryp_des.o
 .debug_info    0x00011d72     0x1168 Libraries\STM32F4xx_StdPeriph_Driver\src\stm32f4xx_cryp_aes.o
 .debug_info    0x00012eda      0x7a2 Libraries\STM32F4xx_StdPeriph_Driver\src\stm32f4xx_cryp.o
 .debug_info    0x0001367c      0x20f Libraries\STM32F4xx_StdPeriph_Driver\src\stm32f4xx_crc.o
 .debug_info    0x0001388b      0xc66 Libraries\STM32F4xx_StdPeriph_Driver\src\stm32f4xx_can.o
 .debug_info    0x000144f1      0xcf9 Libraries\STM32F4xx_StdPeriph_Driver\src\stm32f4xx_adc.o
 .debug_info    0x000151ea      0x969 Libraries\STM32F4xx_StdPeriph_Driver\src\stm32f4_discovery.o
 .debug_info    0x00015b53      0x598 Libraries\STM32F4xx_StdPeriph_Driver\src\misc.o
 .debug_info    0x000160eb       0xbd z:/vmware/winxp-atolic/program_files/truestudio for stmicroelectronics stm32 lite 2.2.0/armtools/bin/../lib/gcc/arm-atollic-eabi/4.5.1/thumb/cortex-m4\libgcc.a(_arm_addsubdf3.o)
 .debug_info    0x000161a8       0xbd z:/vmware/winxp-atolic/program_files/truestudio for stmicroelectronics stm32 lite 2.2.0/armtools/bin/../lib/gcc/arm-atollic-eabi/4.5.1/thumb/cortex-m4\libgcc.a(_arm_muldivdf3.o)
 .debug_info    0x00016265       0xbd z:/vmware/winxp-atolic/program_files/truestudio for stmicroelectronics stm32 lite 2.2.0/armtools/bin/../lib/gcc/arm-atollic-eabi/4.5.1/thumb/cortex-m4\libgcc.a(_arm_cmpdf2.o)
 .debug_info    0x00016322       0xbd z:/vmware/winxp-atolic/program_files/truestudio for stmicroelectronics stm32 lite 2.2.0/armtools/bin/../lib/gcc/arm-atollic-eabi/4.5.1/thumb/cortex-m4\libgcc.a(_arm_fixdfsi.o)
 .debug_info    0x000163df       0xb8 z:/vmware/winxp-atolic/program_files/truestudio for stmicroelectronics stm32 lite 2.2.0/armtools/bin/../lib/gcc/arm-atollic-eabi/4.5.1/thumb/cortex-m4\libgcc.a(_aeabi_uldivmod.o)
 .debug_info    0x00016497       0xf0 z:/vmware/winxp-atolic/program_files/truestudio for stmicroelectronics stm32 lite 2.2.0/armtools/bin/../lib/gcc/arm-atollic-eabi/4.5.1/thumb/cortex-m4\libgcc.a(bpabi.o)
 .debug_info    0x00016587       0xbe z:/vmware/winxp-atolic/program_files/truestudio for stmicroelectronics stm32 lite 2.2.0/armtools/bin/../lib/gcc/arm-atollic-eabi/4.5.1/thumb/cortex-m4\libgcc.a(_dvmd_tls.o)
 .debug_info    0x00016645      0x682 z:/vmware/winxp-atolic/program_files/truestudio for stmicroelectronics stm32 lite 2.2.0/armtools/bin/../lib/gcc/arm-atollic-eabi/4.5.1/thumb/cortex-m4\libgcc.a(_divdi3.o)
 .debug_info    0x00016cc7      0x645 z:/vmware/winxp-atolic/program_files/truestudio for stmicroelectronics stm32 lite 2.2.0/armtools/bin/../lib/gcc/arm-atollic-eabi/4.5.1/thumb/cortex-m4\libgcc.a(_udivdi3.o)
 .debug_info    0x0001730c       0x7e z:/vmware/winxp-atolic/program_files/truestudio for stmicroelectronics stm32 lite 2.2.0/armtools/bin/../lib/gcc/arm-atollic-eabi/4.5.1/thumb/cortex-m4/crtn.o

.debug_abbrev   0x00000000     0x42f4
 .debug_abbrev  0x00000000       0x12 z:/vmware/winxp-atolic/program_files/truestudio for stmicroelectronics stm32 lite 2.2.0/armtools/bin/../lib/gcc/arm-atollic-eabi/4.5.1/thumb/cortex-m4/crti.o
 .debug_abbrev  0x00000012      0x1de src\utils.o
 .debug_abbrev  0x000001f0      0x142 src\system_stm32f4xx.o
 .debug_abbrev  0x00000332       0xc0 src\stm32f4xx_it.o
 .debug_abbrev  0x000003f2      0x1c2 src\stm32f4_discovery_lis302dl.o
 .debug_abbrev  0x000005b4       0x12 src\startup_stm32f4xx.o
 .debug_abbrev  0x000005c6      0x16b src\mems.o
 .debug_abbrev  0x00000731       0xea src\main.o
 .debug_abbrev  0x0000081b      0x15d src\debug.o
 .debug_abbrev  0x00000978      0x143 src\FreeRTOS\timers.o
 .debug_abbrev  0x00000abb      0x1a4 src\FreeRTOS\tasks.o
 .debug_abbrev  0x00000c5f      0x148 src\FreeRTOS\queue.o
 .debug_abbrev  0x00000da7      0x129 src\FreeRTOS\portable\MemMang\heap_1.o
 .debug_abbrev  0x00000ed0      0x14b src\FreeRTOS\portable\GCC\ARM_CM4F\port.o
 .debug_abbrev  0x0000101b       0xb4 src\FreeRTOS\list.o
 .debug_abbrev  0x000010cf      0x199 src\FreeRTOS\croutine.o
 .debug_abbrev  0x00001268      0x120 Libraries\STM32F4xx_StdPeriph_Driver\src\stm32f4xx_wwdg.o
 .debug_abbrev  0x00001388      0x150 Libraries\STM32F4xx_StdPeriph_Driver\src\stm32f4xx_usart.o
 .debug_abbrev  0x000014d8      0x165 Libraries\STM32F4xx_StdPeriph_Driver\src\stm32f4xx_tim.o
 .debug_abbrev  0x0000163d      0x12c Libraries\STM32F4xx_StdPeriph_Driver\src\stm32f4xx_syscfg.o
 .debug_abbrev  0x00001769      0x162 Libraries\STM32F4xx_StdPeriph_Driver\src\stm32f4xx_spi.o
 .debug_abbrev  0x000018cb      0x16f Libraries\STM32F4xx_StdPeriph_Driver\src\stm32f4xx_sdio.o
 .debug_abbrev  0x00001a3a      0x16d Libraries\STM32F4xx_StdPeriph_Driver\src\stm32f4xx_rtc.o
 .debug_abbrev  0x00001ba7      0x139 Libraries\STM32F4xx_StdPeriph_Driver\src\stm32f4xx_rng.o
 .debug_abbrev  0x00001ce0      0x1b9 Libraries\STM32F4xx_StdPeriph_Driver\src\stm32f4xx_rcc.o
 .debug_abbrev  0x00001e99      0x177 Libraries\STM32F4xx_StdPeriph_Driver\src\stm32f4xx_pwr.o
 .debug_abbrev  0x00002010       0xfc Libraries\STM32F4xx_StdPeriph_Driver\src\stm32f4xx_iwdg.o
 .debug_abbrev  0x0000210c      0x15f Libraries\STM32F4xx_StdPeriph_Driver\src\stm32f4xx_i2c.o
 .debug_abbrev  0x0000226b      0x191 Libraries\STM32F4xx_StdPeriph_Driver\src\stm32f4xx_hash_sha1.o
 .debug_abbrev  0x000023fc      0x191 Libraries\STM32F4xx_StdPeriph_Driver\src\stm32f4xx_hash_md5.o
 .debug_abbrev  0x0000258d      0x1a3 Libraries\STM32F4xx_StdPeriph_Driver\src\stm32f4xx_hash.o
 .debug_abbrev  0x00002730      0x184 Libraries\STM32F4xx_StdPeriph_Driver\src\stm32f4xx_gpio.o
 .debug_abbrev  0x000028b4      0x168 Libraries\STM32F4xx_StdPeriph_Driver\src\stm32f4xx_fsmc.o
 .debug_abbrev  0x00002a1c      0x16a Libraries\STM32F4xx_StdPeriph_Driver\src\stm32f4xx_flash.o
 .debug_abbrev  0x00002b86      0x19a Libraries\STM32F4xx_StdPeriph_Driver\src\stm32f4xx_exti.o
 .debug_abbrev  0x00002d20      0x150 Libraries\STM32F4xx_StdPeriph_Driver\src\stm32f4xx_dma.o
 .debug_abbrev  0x00002e70      0x17c Libraries\STM32F4xx_StdPeriph_Driver\src\stm32f4xx_dcmi.o
 .debug_abbrev  0x00002fec       0xdc Libraries\STM32F4xx_StdPeriph_Driver\src\stm32f4xx_dbgmcu.o
 .debug_abbrev  0x000030c8      0x174 Libraries\STM32F4xx_StdPeriph_Driver\src\stm32f4xx_dac.o
 .debug_abbrev  0x0000323c      0x15f Libraries\STM32F4xx_StdPeriph_Driver\src\stm32f4xx_cryp_tdes.o
 .debug_abbrev  0x0000339b      0x15f Libraries\STM32F4xx_StdPeriph_Driver\src\stm32f4xx_cryp_des.o
 .debug_abbrev  0x000034fa      0x1d4 Libraries\STM32F4xx_StdPeriph_Driver\src\stm32f4xx_cryp_aes.o
 .debug_abbrev  0x000036ce      0x182 Libraries\STM32F4xx_StdPeriph_Driver\src\stm32f4xx_cryp.o
 .debug_abbrev  0x00003850      0x10c Libraries\STM32F4xx_StdPeriph_Driver\src\stm32f4xx_crc.o
 .debug_abbrev  0x0000395c      0x1ae Libraries\STM32F4xx_StdPeriph_Driver\src\stm32f4xx_can.o
 .debug_abbrev  0x00003b0a      0x18b Libraries\STM32F4xx_StdPeriph_Driver\src\stm32f4xx_adc.o
 .debug_abbrev  0x00003c95      0x178 Libraries\STM32F4xx_StdPeriph_Driver\src\stm32f4_discovery.o
 .debug_abbrev  0x00003e0d      0x128 Libraries\STM32F4xx_StdPeriph_Driver\src\misc.o
 .debug_abbrev  0x00003f35       0x14 z:/vmware/winxp-atolic/program_files/truestudio for stmicroelectronics stm32 lite 2.2.0/armtools/bin/../lib/gcc/arm-atollic-eabi/4.5.1/thumb/cortex-m4\libgcc.a(_arm_addsubdf3.o)
 .debug_abbrev  0x00003f49       0x14 z:/vmware/winxp-atolic/program_files/truestudio for stmicroelectronics stm32 lite 2.2.0/armtools/bin/../lib/gcc/arm-atollic-eabi/4.5.1/thumb/cortex-m4\libgcc.a(_arm_muldivdf3.o)
 .debug_abbrev  0x00003f5d       0x14 z:/vmware/winxp-atolic/program_files/truestudio for stmicroelectronics stm32 lite 2.2.0/armtools/bin/../lib/gcc/arm-atollic-eabi/4.5.1/thumb/cortex-m4\libgcc.a(_arm_cmpdf2.o)
 .debug_abbrev  0x00003f71       0x14 z:/vmware/winxp-atolic/program_files/truestudio for stmicroelectronics stm32 lite 2.2.0/armtools/bin/../lib/gcc/arm-atollic-eabi/4.5.1/thumb/cortex-m4\libgcc.a(_arm_fixdfsi.o)
 .debug_abbrev  0x00003f85       0x14 z:/vmware/winxp-atolic/program_files/truestudio for stmicroelectronics stm32 lite 2.2.0/armtools/bin/../lib/gcc/arm-atollic-eabi/4.5.1/thumb/cortex-m4\libgcc.a(_aeabi_uldivmod.o)
 .debug_abbrev  0x00003f99       0x6e z:/vmware/winxp-atolic/program_files/truestudio for stmicroelectronics stm32 lite 2.2.0/armtools/bin/../lib/gcc/arm-atollic-eabi/4.5.1/thumb/cortex-m4\libgcc.a(bpabi.o)
 .debug_abbrev  0x00004007       0x14 z:/vmware/winxp-atolic/program_files/truestudio for stmicroelectronics stm32 lite 2.2.0/armtools/bin/../lib/gcc/arm-atollic-eabi/4.5.1/thumb/cortex-m4\libgcc.a(_dvmd_tls.o)
 .debug_abbrev  0x0000401b      0x16b z:/vmware/winxp-atolic/program_files/truestudio for stmicroelectronics stm32 lite 2.2.0/armtools/bin/../lib/gcc/arm-atollic-eabi/4.5.1/thumb/cortex-m4\libgcc.a(_divdi3.o)
 .debug_abbrev  0x00004186      0x15c z:/vmware/winxp-atolic/program_files/truestudio for stmicroelectronics stm32 lite 2.2.0/armtools/bin/../lib/gcc/arm-atollic-eabi/4.5.1/thumb/cortex-m4\libgcc.a(_udivdi3.o)
 .debug_abbrev  0x000042e2       0x12 z:/vmware/winxp-atolic/program_files/truestudio for stmicroelectronics stm32 lite 2.2.0/armtools/bin/../lib/gcc/arm-atollic-eabi/4.5.1/thumb/cortex-m4/crtn.o

.debug_aranges  0x00000000     0x1d70
 .debug_aranges
                0x00000000       0x28 z:/vmware/winxp-atolic/program_files/truestudio for stmicroelectronics stm32 lite 2.2.0/armtools/bin/../lib/gcc/arm-atollic-eabi/4.5.1/thumb/cortex-m4/crti.o
 .debug_aranges
                0x00000028       0x58 src\utils.o
 .debug_aranges
                0x00000080       0x30 src\system_stm32f4xx.o
 .debug_aranges
                0x000000b0       0x50 src\stm32f4xx_it.o
 .debug_aranges
                0x00000100       0x78 src\stm32f4_discovery_lis302dl.o
 .debug_aranges
                0x00000178       0x28 src\startup_stm32f4xx.o
 .debug_aranges
                0x000001a0       0x30 src\mems.o
 .debug_aranges
                0x000001d0       0x40 src\main.o
 .debug_aranges
                0x00000210       0x48 src\debug.o
 .debug_aranges
                0x00000258       0x88 src\FreeRTOS\timers.o
 .debug_aranges
                0x000002e0      0x160 src\FreeRTOS\tasks.o
 .debug_aranges
                0x00000440       0xe0 src\FreeRTOS\queue.o
 .debug_aranges
                0x00000520       0x38 src\FreeRTOS\portable\MemMang\heap_1.o
 .debug_aranges
                0x00000558       0x70 src\FreeRTOS\portable\GCC\ARM_CM4F\port.o
 .debug_aranges
                0x000005c8       0x40 src\FreeRTOS\list.o
 .debug_aranges
                0x00000608       0x50 src\FreeRTOS\croutine.o
 .debug_aranges
                0x00000658       0x58 Libraries\STM32F4xx_StdPeriph_Driver\src\stm32f4xx_wwdg.o
 .debug_aranges
                0x000006b0      0x100 Libraries\STM32F4xx_StdPeriph_Driver\src\stm32f4xx_usart.o
 .debug_aranges
                0x000007b0      0x2f8 Libraries\STM32F4xx_StdPeriph_Driver\src\stm32f4xx_tim.o
 .debug_aranges
                0x00000aa8       0x48 Libraries\STM32F4xx_StdPeriph_Driver\src\stm32f4xx_syscfg.o
 .debug_aranges
                0x00000af0       0xe0 Libraries\STM32F4xx_StdPeriph_Driver\src\stm32f4xx_spi.o
 .debug_aranges
                0x00000bd0      0x108 Libraries\STM32F4xx_StdPeriph_Driver\src\stm32f4xx_sdio.o
 .debug_aranges
                0x00000cd8      0x1e0 Libraries\STM32F4xx_StdPeriph_Driver\src\stm32f4xx_rtc.o
 .debug_aranges
                0x00000eb8       0x58 Libraries\STM32F4xx_StdPeriph_Driver\src\stm32f4xx_rng.o
 .debug_aranges
                0x00000f10      0x178 Libraries\STM32F4xx_StdPeriph_Driver\src\stm32f4xx_rcc.o
 .debug_aranges
                0x00001088       0x78 Libraries\STM32F4xx_StdPeriph_Driver\src\stm32f4xx_pwr.o
 .debug_aranges
                0x00001100       0x48 Libraries\STM32F4xx_StdPeriph_Driver\src\stm32f4xx_iwdg.o
 .debug_aranges
                0x00001148      0x120 Libraries\STM32F4xx_StdPeriph_Driver\src\stm32f4xx_i2c.o
 .debug_aranges
                0x00001268       0x28 Libraries\STM32F4xx_StdPeriph_Driver\src\stm32f4xx_hash_sha1.o
 .debug_aranges
                0x00001290       0x28 Libraries\STM32F4xx_StdPeriph_Driver\src\stm32f4xx_hash_md5.o
 .debug_aranges
                0x000012b8       0xa0 Libraries\STM32F4xx_StdPeriph_Driver\src\stm32f4xx_hash.o
 .debug_aranges
                0x00001358       0x88 Libraries\STM32F4xx_StdPeriph_Driver\src\stm32f4xx_gpio.o
 .debug_aranges
                0x000013e0       0xb0 Libraries\STM32F4xx_StdPeriph_Driver\src\stm32f4xx_fsmc.o
 .debug_aranges
                0x00001490      0x108 Libraries\STM32F4xx_StdPeriph_Driver\src\stm32f4xx_flash.o
 .debug_aranges
                0x00001598       0x58 Libraries\STM32F4xx_StdPeriph_Driver\src\stm32f4xx_exti.o
 .debug_aranges
                0x000015f0       0xb0 Libraries\STM32F4xx_StdPeriph_Driver\src\stm32f4xx_dma.o
 .debug_aranges
                0x000016a0       0x90 Libraries\STM32F4xx_StdPeriph_Driver\src\stm32f4xx_dcmi.o
 .debug_aranges
                0x00001730       0x40 Libraries\STM32F4xx_StdPeriph_Driver\src\stm32f4xx_dbgmcu.o
 .debug_aranges
                0x00001770       0xa0 Libraries\STM32F4xx_StdPeriph_Driver\src\stm32f4xx_dac.o
 .debug_aranges
                0x00001810       0x28 Libraries\STM32F4xx_StdPeriph_Driver\src\stm32f4xx_cryp_tdes.o
 .debug_aranges
                0x00001838       0x28 Libraries\STM32F4xx_StdPeriph_Driver\src\stm32f4xx_cryp_des.o
 .debug_aranges
                0x00001860       0x30 Libraries\STM32F4xx_StdPeriph_Driver\src\stm32f4xx_cryp_aes.o
 .debug_aranges
                0x00001890       0xa0 Libraries\STM32F4xx_StdPeriph_Driver\src\stm32f4xx_cryp.o
 .debug_aranges
                0x00001930       0x48 Libraries\STM32F4xx_StdPeriph_Driver\src\stm32f4xx_crc.o
 .debug_aranges
                0x00001978       0xe0 Libraries\STM32F4xx_StdPeriph_Driver\src\stm32f4xx_can.o
 .debug_aranges
                0x00001a58      0x148 Libraries\STM32F4xx_StdPeriph_Driver\src\stm32f4xx_adc.o
 .debug_aranges
                0x00001ba0       0x48 Libraries\STM32F4xx_StdPeriph_Driver\src\stm32f4_discovery.o
 .debug_aranges
                0x00001be8       0x40 Libraries\STM32F4xx_StdPeriph_Driver\src\misc.o
 .debug_aranges
                0x00001c28       0x20 z:/vmware/winxp-atolic/program_files/truestudio for stmicroelectronics stm32 lite 2.2.0/armtools/bin/../lib/gcc/arm-atollic-eabi/4.5.1/thumb/cortex-m4\libgcc.a(_arm_addsubdf3.o)
 .debug_aranges
                0x00001c48       0x20 z:/vmware/winxp-atolic/program_files/truestudio for stmicroelectronics stm32 lite 2.2.0/armtools/bin/../lib/gcc/arm-atollic-eabi/4.5.1/thumb/cortex-m4\libgcc.a(_arm_muldivdf3.o)
 .debug_aranges
                0x00001c68       0x20 z:/vmware/winxp-atolic/program_files/truestudio for stmicroelectronics stm32 lite 2.2.0/armtools/bin/../lib/gcc/arm-atollic-eabi/4.5.1/thumb/cortex-m4\libgcc.a(_arm_cmpdf2.o)
 .debug_aranges
                0x00001c88       0x20 z:/vmware/winxp-atolic/program_files/truestudio for stmicroelectronics stm32 lite 2.2.0/armtools/bin/../lib/gcc/arm-atollic-eabi/4.5.1/thumb/cortex-m4\libgcc.a(_arm_fixdfsi.o)
 .debug_aranges
                0x00001ca8       0x20 z:/vmware/winxp-atolic/program_files/truestudio for stmicroelectronics stm32 lite 2.2.0/armtools/bin/../lib/gcc/arm-atollic-eabi/4.5.1/thumb/cortex-m4\libgcc.a(_aeabi_uldivmod.o)
 .debug_aranges
                0x00001cc8       0x20 z:/vmware/winxp-atolic/program_files/truestudio for stmicroelectronics stm32 lite 2.2.0/armtools/bin/../lib/gcc/arm-atollic-eabi/4.5.1/thumb/cortex-m4\libgcc.a(bpabi.o)
 .debug_aranges
                0x00001ce8       0x20 z:/vmware/winxp-atolic/program_files/truestudio for stmicroelectronics stm32 lite 2.2.0/armtools/bin/../lib/gcc/arm-atollic-eabi/4.5.1/thumb/cortex-m4\libgcc.a(_dvmd_tls.o)
 .debug_aranges
                0x00001d08       0x20 z:/vmware/winxp-atolic/program_files/truestudio for stmicroelectronics stm32 lite 2.2.0/armtools/bin/../lib/gcc/arm-atollic-eabi/4.5.1/thumb/cortex-m4\libgcc.a(_divdi3.o)
 .debug_aranges
                0x00001d28       0x20 z:/vmware/winxp-atolic/program_files/truestudio for stmicroelectronics stm32 lite 2.2.0/armtools/bin/../lib/gcc/arm-atollic-eabi/4.5.1/thumb/cortex-m4\libgcc.a(_udivdi3.o)
 .debug_aranges
                0x00001d48       0x28 z:/vmware/winxp-atolic/program_files/truestudio for stmicroelectronics stm32 lite 2.2.0/armtools/bin/../lib/gcc/arm-atollic-eabi/4.5.1/thumb/cortex-m4/crtn.o

.debug_ranges   0x00000000     0x1ae0
 .debug_ranges  0x00000000       0x20 z:/vmware/winxp-atolic/program_files/truestudio for stmicroelectronics stm32 lite 2.2.0/armtools/bin/../lib/gcc/arm-atollic-eabi/4.5.1/thumb/cortex-m4/crti.o
 .debug_ranges  0x00000020       0x48 src\utils.o
 .debug_ranges  0x00000068       0x20 src\system_stm32f4xx.o
 .debug_ranges  0x00000088       0x40 src\stm32f4xx_it.o
 .debug_ranges  0x000000c8       0x68 src\stm32f4_discovery_lis302dl.o
 .debug_ranges  0x00000130       0x20 src\startup_stm32f4xx.o
 .debug_ranges  0x00000150       0x20 src\mems.o
 .debug_ranges  0x00000170       0x30 src\main.o
 .debug_ranges  0x000001a0       0x38 src\debug.o
 .debug_ranges  0x000001d8       0x78 src\FreeRTOS\timers.o
 .debug_ranges  0x00000250      0x150 src\FreeRTOS\tasks.o
 .debug_ranges  0x000003a0       0xd0 src\FreeRTOS\queue.o
 .debug_ranges  0x00000470       0x28 src\FreeRTOS\portable\MemMang\heap_1.o
 .debug_ranges  0x00000498       0x60 src\FreeRTOS\portable\GCC\ARM_CM4F\port.o
 .debug_ranges  0x000004f8       0x30 src\FreeRTOS\list.o
 .debug_ranges  0x00000528       0x40 src\FreeRTOS\croutine.o
 .debug_ranges  0x00000568       0x48 Libraries\STM32F4xx_StdPeriph_Driver\src\stm32f4xx_wwdg.o
 .debug_ranges  0x000005b0       0xf0 Libraries\STM32F4xx_StdPeriph_Driver\src\stm32f4xx_usart.o
 .debug_ranges  0x000006a0      0x2e8 Libraries\STM32F4xx_StdPeriph_Driver\src\stm32f4xx_tim.o
 .debug_ranges  0x00000988       0x38 Libraries\STM32F4xx_StdPeriph_Driver\src\stm32f4xx_syscfg.o
 .debug_ranges  0x000009c0       0xd0 Libraries\STM32F4xx_StdPeriph_Driver\src\stm32f4xx_spi.o
 .debug_ranges  0x00000a90       0xf8 Libraries\STM32F4xx_StdPeriph_Driver\src\stm32f4xx_sdio.o
 .debug_ranges  0x00000b88      0x1d0 Libraries\STM32F4xx_StdPeriph_Driver\src\stm32f4xx_rtc.o
 .debug_ranges  0x00000d58       0x48 Libraries\STM32F4xx_StdPeriph_Driver\src\stm32f4xx_rng.o
 .debug_ranges  0x00000da0      0x168 Libraries\STM32F4xx_StdPeriph_Driver\src\stm32f4xx_rcc.o
 .debug_ranges  0x00000f08       0x68 Libraries\STM32F4xx_StdPeriph_Driver\src\stm32f4xx_pwr.o
 .debug_ranges  0x00000f70       0x38 Libraries\STM32F4xx_StdPeriph_Driver\src\stm32f4xx_iwdg.o
 .debug_ranges  0x00000fa8      0x110 Libraries\STM32F4xx_StdPeriph_Driver\src\stm32f4xx_i2c.o
 .debug_ranges  0x000010b8       0x18 Libraries\STM32F4xx_StdPeriph_Driver\src\stm32f4xx_hash_sha1.o
 .debug_ranges  0x000010d0       0x18 Libraries\STM32F4xx_StdPeriph_Driver\src\stm32f4xx_hash_md5.o
 .debug_ranges  0x000010e8       0x90 Libraries\STM32F4xx_StdPeriph_Driver\src\stm32f4xx_hash.o
 .debug_ranges  0x00001178       0x78 Libraries\STM32F4xx_StdPeriph_Driver\src\stm32f4xx_gpio.o
 .debug_ranges  0x000011f0       0xa0 Libraries\STM32F4xx_StdPeriph_Driver\src\stm32f4xx_fsmc.o
 .debug_ranges  0x00001290       0xf8 Libraries\STM32F4xx_StdPeriph_Driver\src\stm32f4xx_flash.o
 .debug_ranges  0x00001388       0x48 Libraries\STM32F4xx_StdPeriph_Driver\src\stm32f4xx_exti.o
 .debug_ranges  0x000013d0       0xa0 Libraries\STM32F4xx_StdPeriph_Driver\src\stm32f4xx_dma.o
 .debug_ranges  0x00001470       0x80 Libraries\STM32F4xx_StdPeriph_Driver\src\stm32f4xx_dcmi.o
 .debug_ranges  0x000014f0       0x30 Libraries\STM32F4xx_StdPeriph_Driver\src\stm32f4xx_dbgmcu.o
 .debug_ranges  0x00001520       0x90 Libraries\STM32F4xx_StdPeriph_Driver\src\stm32f4xx_dac.o
 .debug_ranges  0x000015b0       0x18 Libraries\STM32F4xx_StdPeriph_Driver\src\stm32f4xx_cryp_tdes.o
 .debug_ranges  0x000015c8       0x18 Libraries\STM32F4xx_StdPeriph_Driver\src\stm32f4xx_cryp_des.o
 .debug_ranges  0x000015e0       0x20 Libraries\STM32F4xx_StdPeriph_Driver\src\stm32f4xx_cryp_aes.o
 .debug_ranges  0x00001600       0x90 Libraries\STM32F4xx_StdPeriph_Driver\src\stm32f4xx_cryp.o
 .debug_ranges  0x00001690       0x38 Libraries\STM32F4xx_StdPeriph_Driver\src\stm32f4xx_crc.o
 .debug_ranges  0x000016c8       0xd0 Libraries\STM32F4xx_StdPeriph_Driver\src\stm32f4xx_can.o
 .debug_ranges  0x00001798      0x138 Libraries\STM32F4xx_StdPeriph_Driver\src\stm32f4xx_adc.o
 .debug_ranges  0x000018d0       0x38 Libraries\STM32F4xx_StdPeriph_Driver\src\stm32f4_discovery.o
 .debug_ranges  0x00001908       0x30 Libraries\STM32F4xx_StdPeriph_Driver\src\misc.o
 .debug_ranges  0x00001938       0xe0 z:/vmware/winxp-atolic/program_files/truestudio for stmicroelectronics stm32 lite 2.2.0/armtools/bin/../lib/gcc/arm-atollic-eabi/4.5.1/thumb/cortex-m4\libgcc.a(_divdi3.o)
 .debug_ranges  0x00001a18       0xa8 z:/vmware/winxp-atolic/program_files/truestudio for stmicroelectronics stm32 lite 2.2.0/armtools/bin/../lib/gcc/arm-atollic-eabi/4.5.1/thumb/cortex-m4\libgcc.a(_udivdi3.o)
 .debug_ranges  0x00001ac0       0x20 z:/vmware/winxp-atolic/program_files/truestudio for stmicroelectronics stm32 lite 2.2.0/armtools/bin/../lib/gcc/arm-atollic-eabi/4.5.1/thumb/cortex-m4/crtn.o

.comment        0x00000000       0xc2
 .comment       0x00000000       0x61 z:/vmware/winxp-atolic/program_files/truestudio for stmicroelectronics stm32 lite 2.2.0/armtools/bin/../lib/gcc/arm-atollic-eabi/4.5.1/thumb/cortex-m4/crtbegin.o
                                 0x62 (size before relaxing)
 .comment       0x00000061       0x61 src\utils.o
                                 0x62 (size before relaxing)
 .comment       0x00000000       0x62 src\system_stm32f4xx.o
 .comment       0x00000000       0x62 src\stm32f4xx_it.o
 .comment       0x00000000       0x62 src\stm32f4_discovery_lis302dl.o
 .comment       0x00000000       0x62 src\mems.o
 .comment       0x00000000       0x62 src\main.o
 .comment       0x00000000       0x62 src\debug.o
 .comment       0x00000000       0x62 src\FreeRTOS\timers.o
 .comment       0x00000000       0x62 src\FreeRTOS\tasks.o
 .comment       0x00000000       0x62 src\FreeRTOS\queue.o
 .comment       0x00000000       0x62 src\FreeRTOS\portable\MemMang\heap_1.o
 .comment       0x00000000       0x62 src\FreeRTOS\portable\GCC\ARM_CM4F\port.o
 .comment       0x00000000       0x62 src\FreeRTOS\list.o
 .comment       0x00000000       0x62 src\FreeRTOS\croutine.o
 .comment       0x00000000       0x62 Libraries\STM32F4xx_StdPeriph_Driver\src\stm32f4xx_wwdg.o
 .comment       0x00000000       0x62 Libraries\STM32F4xx_StdPeriph_Driver\src\stm32f4xx_usart.o
 .comment       0x00000000       0x62 Libraries\STM32F4xx_StdPeriph_Driver\src\stm32f4xx_tim.o
 .comment       0x00000000       0x62 Libraries\STM32F4xx_StdPeriph_Driver\src\stm32f4xx_syscfg.o
 .comment       0x00000000       0x62 Libraries\STM32F4xx_StdPeriph_Driver\src\stm32f4xx_spi.o
 .comment       0x00000000       0x62 Libraries\STM32F4xx_StdPeriph_Driver\src\stm32f4xx_sdio.o
 .comment       0x00000000       0x62 Libraries\STM32F4xx_StdPeriph_Driver\src\stm32f4xx_rtc.o
 .comment       0x00000000       0x62 Libraries\STM32F4xx_StdPeriph_Driver\src\stm32f4xx_rng.o
 .comment       0x00000000       0x62 Libraries\STM32F4xx_StdPeriph_Driver\src\stm32f4xx_rcc.o
 .comment       0x00000000       0x62 Libraries\STM32F4xx_StdPeriph_Driver\src\stm32f4xx_pwr.o
 .comment       0x00000000       0x62 Libraries\STM32F4xx_StdPeriph_Driver\src\stm32f4xx_iwdg.o
 .comment       0x00000000       0x62 Libraries\STM32F4xx_StdPeriph_Driver\src\stm32f4xx_i2c.o
 .comment       0x00000000       0x62 Libraries\STM32F4xx_StdPeriph_Driver\src\stm32f4xx_hash_sha1.o
 .comment       0x00000000       0x62 Libraries\STM32F4xx_StdPeriph_Driver\src\stm32f4xx_hash_md5.o
 .comment       0x00000000       0x62 Libraries\STM32F4xx_StdPeriph_Driver\src\stm32f4xx_hash.o
 .comment       0x00000000       0x62 Libraries\STM32F4xx_StdPeriph_Driver\src\stm32f4xx_gpio.o
 .comment       0x00000000       0x62 Libraries\STM32F4xx_StdPeriph_Driver\src\stm32f4xx_fsmc.o
 .comment       0x00000000       0x62 Libraries\STM32F4xx_StdPeriph_Driver\src\stm32f4xx_flash.o
 .comment       0x00000000       0x62 Libraries\STM32F4xx_StdPeriph_Driver\src\stm32f4xx_exti.o
 .comment       0x00000000       0x62 Libraries\STM32F4xx_StdPeriph_Driver\src\stm32f4xx_dma.o
 .comment       0x00000000       0x62 Libraries\STM32F4xx_StdPeriph_Driver\src\stm32f4xx_dcmi.o
 .comment       0x00000000       0x62 Libraries\STM32F4xx_StdPeriph_Driver\src\stm32f4xx_dbgmcu.o
 .comment       0x00000000       0x62 Libraries\STM32F4xx_StdPeriph_Driver\src\stm32f4xx_dac.o
 .comment       0x00000000       0x62 Libraries\STM32F4xx_StdPeriph_Driver\src\stm32f4xx_cryp_tdes.o
 .comment       0x00000000       0x62 Libraries\STM32F4xx_StdPeriph_Driver\src\stm32f4xx_cryp_des.o
 .comment       0x00000000       0x62 Libraries\STM32F4xx_StdPeriph_Driver\src\stm32f4xx_cryp_aes.o
 .comment       0x00000000       0x62 Libraries\STM32F4xx_StdPeriph_Driver\src\stm32f4xx_cryp.o
 .comment       0x00000000       0x62 Libraries\STM32F4xx_StdPeriph_Driver\src\stm32f4xx_crc.o
 .comment       0x00000000       0x62 Libraries\STM32F4xx_StdPeriph_Driver\src\stm32f4xx_can.o
 .comment       0x00000000       0x62 Libraries\STM32F4xx_StdPeriph_Driver\src\stm32f4xx_adc.o
 .comment       0x00000000       0x62 Libraries\STM32F4xx_StdPeriph_Driver\src\stm32f4_discovery.o
 .comment       0x00000000       0x62 Libraries\STM32F4xx_StdPeriph_Driver\src\misc.o
 .comment       0x00000000       0x62 z:/vmware/winxp-atolic/program_files/truestudio for stmicroelectronics stm32 lite 2.2.0/armtools/bin/../lib/gcc/arm-atollic-eabi/4.5.1/../../../../arm-atollic-eabi/lib/thumb/cortex-m4\libc.a(lib_a-init.o)
 .comment       0x00000000       0x62 z:/vmware/winxp-atolic/program_files/truestudio for stmicroelectronics stm32 lite 2.2.0/armtools/bin/../lib/gcc/arm-atollic-eabi/4.5.1/../../../../arm-atollic-eabi/lib/thumb/cortex-m4\libc.a(lib_a-memcpy.o)
 .comment       0x00000000       0x62 z:/vmware/winxp-atolic/program_files/truestudio for stmicroelectronics stm32 lite 2.2.0/armtools/bin/../lib/gcc/arm-atollic-eabi/4.5.1/../../../../arm-atollic-eabi/lib/thumb/cortex-m4\libc.a(lib_a-memset.o)
 .comment       0x00000000       0x62 z:/vmware/winxp-atolic/program_files/truestudio for stmicroelectronics stm32 lite 2.2.0/armtools/bin/../lib/gcc/arm-atollic-eabi/4.5.1/../../../../arm-atollic-eabi/lib/thumb/cortex-m4\libc.a(lib_a-sprintf.o)
 .comment       0x00000000       0x62 z:/vmware/winxp-atolic/program_files/truestudio for stmicroelectronics stm32 lite 2.2.0/armtools/bin/../lib/gcc/arm-atollic-eabi/4.5.1/../../../../arm-atollic-eabi/lib/thumb/cortex-m4\libc.a(lib_a-strcat.o)